<?xml version="1.0" encoding="ISO-8859-1" ?>
<link_info>
   <banner>TMS320C2000 Linker PC v22.6.1.LTS</banner>
   <copyright>Copyright (c) 1996-2018 Texas Instruments Incorporated</copyright>
   <link_time>0x69f994d4</link_time>
   <link_errors>0x0</link_errors>
   <output_file>28379d-BLDC-2.out</output_file>
   <entry_point>
      <name>_c_int00</name>
      <address>0x8fdc</address>
   </entry_point>
   <input_file_list>
      <input_file id="fl-4">
         <path>.\3.device\source\</path>
         <kind>object</kind>
         <file>adc.obj</file>
         <name>adc.obj</name>
      </input_file>
      <input_file id="fl-5">
         <path>.\3.device\source\</path>
         <kind>object</kind>
         <file>asysctl.obj</file>
         <name>asysctl.obj</name>
      </input_file>
      <input_file id="fl-6">
         <path>.\3.device\source\</path>
         <kind>object</kind>
         <file>can.obj</file>
         <name>can.obj</name>
      </input_file>
      <input_file id="fl-7">
         <path>.\3.device\source\</path>
         <kind>object</kind>
         <file>cla.obj</file>
         <name>cla.obj</name>
      </input_file>
      <input_file id="fl-8">
         <path>.\3.device\source\</path>
         <kind>object</kind>
         <file>clb.obj</file>
         <name>clb.obj</name>
      </input_file>
      <input_file id="fl-9">
         <path>.\3.device\source\</path>
         <kind>object</kind>
         <file>cmpss.obj</file>
         <name>cmpss.obj</name>
      </input_file>
      <input_file id="fl-a">
         <path>.\3.device\source\</path>
         <kind>object</kind>
         <file>cputimer.obj</file>
         <name>cputimer.obj</name>
      </input_file>
      <input_file id="fl-b">
         <path>.\3.device\source\</path>
         <kind>object</kind>
         <file>dac.obj</file>
         <name>dac.obj</name>
      </input_file>
      <input_file id="fl-c">
         <path>.\3.device\source\</path>
         <kind>object</kind>
         <file>dcsm.obj</file>
         <name>dcsm.obj</name>
      </input_file>
      <input_file id="fl-d">
         <path>.\3.device\source\</path>
         <kind>object</kind>
         <file>dma.obj</file>
         <name>dma.obj</name>
      </input_file>
      <input_file id="fl-e">
         <path>.\3.device\source\</path>
         <kind>object</kind>
         <file>ecap.obj</file>
         <name>ecap.obj</name>
      </input_file>
      <input_file id="fl-f">
         <path>.\3.device\source\</path>
         <kind>object</kind>
         <file>emif.obj</file>
         <name>emif.obj</name>
      </input_file>
      <input_file id="fl-10">
         <path>.\3.device\source\</path>
         <kind>object</kind>
         <file>epwm.obj</file>
         <name>epwm.obj</name>
      </input_file>
      <input_file id="fl-11">
         <path>.\3.device\source\</path>
         <kind>object</kind>
         <file>eqep.obj</file>
         <name>eqep.obj</name>
      </input_file>
      <input_file id="fl-12">
         <path>.\3.device\source\</path>
         <kind>object</kind>
         <file>flash.obj</file>
         <name>flash.obj</name>
      </input_file>
      <input_file id="fl-13">
         <path>.\3.device\source\</path>
         <kind>object</kind>
         <file>gpio.obj</file>
         <name>gpio.obj</name>
      </input_file>
      <input_file id="fl-14">
         <path>.\3.device\source\</path>
         <kind>object</kind>
         <file>hrpwm.obj</file>
         <name>hrpwm.obj</name>
      </input_file>
      <input_file id="fl-15">
         <path>.\3.device\source\</path>
         <kind>object</kind>
         <file>i2c.obj</file>
         <name>i2c.obj</name>
      </input_file>
      <input_file id="fl-16">
         <path>.\3.device\source\</path>
         <kind>object</kind>
         <file>interrupt.obj</file>
         <name>interrupt.obj</name>
      </input_file>
      <input_file id="fl-17">
         <path>.\3.device\source\</path>
         <kind>object</kind>
         <file>ipc.obj</file>
         <name>ipc.obj</name>
      </input_file>
      <input_file id="fl-18">
         <path>.\3.device\source\</path>
         <kind>object</kind>
         <file>mcbsp.obj</file>
         <name>mcbsp.obj</name>
      </input_file>
      <input_file id="fl-19">
         <path>.\3.device\source\</path>
         <kind>object</kind>
         <file>memcfg.obj</file>
         <name>memcfg.obj</name>
      </input_file>
      <input_file id="fl-1a">
         <path>.\3.device\source\</path>
         <kind>object</kind>
         <file>sci.obj</file>
         <name>sci.obj</name>
      </input_file>
      <input_file id="fl-1b">
         <path>.\3.device\source\</path>
         <kind>object</kind>
         <file>sdfm.obj</file>
         <name>sdfm.obj</name>
      </input_file>
      <input_file id="fl-1c">
         <path>.\3.device\source\</path>
         <kind>object</kind>
         <file>spi.obj</file>
         <name>spi.obj</name>
      </input_file>
      <input_file id="fl-1d">
         <path>.\3.device\source\</path>
         <kind>object</kind>
         <file>sysctl.obj</file>
         <name>sysctl.obj</name>
      </input_file>
      <input_file id="fl-1e">
         <path>.\3.device\source\</path>
         <kind>object</kind>
         <file>upp.obj</file>
         <name>upp.obj</name>
      </input_file>
      <input_file id="fl-1f">
         <path>.\3.device\source\</path>
         <kind>object</kind>
         <file>usb.obj</file>
         <name>usb.obj</name>
      </input_file>
      <input_file id="fl-20">
         <path>.\3.device\source\</path>
         <kind>object</kind>
         <file>version.obj</file>
         <name>version.obj</name>
      </input_file>
      <input_file id="fl-21">
         <path>.\3.device\source\</path>
         <kind>object</kind>
         <file>xbar.obj</file>
         <name>xbar.obj</name>
      </input_file>
      <input_file id="fl-22">
         <path>.\4.common\source\</path>
         <kind>object</kind>
         <file>F2837xD_Adc.obj</file>
         <name>F2837xD_Adc.obj</name>
      </input_file>
      <input_file id="fl-23">
         <path>.\4.common\source\</path>
         <kind>object</kind>
         <file>F2837xD_CodeStartBranch.obj</file>
         <name>F2837xD_CodeStartBranch.obj</name>
      </input_file>
      <input_file id="fl-24">
         <path>.\4.common\source\</path>
         <kind>object</kind>
         <file>F2837xD_CpuTimers.obj</file>
         <name>F2837xD_CpuTimers.obj</name>
      </input_file>
      <input_file id="fl-25">
         <path>.\4.common\source\</path>
         <kind>object</kind>
         <file>F2837xD_DBGIER.obj</file>
         <name>F2837xD_DBGIER.obj</name>
      </input_file>
      <input_file id="fl-26">
         <path>.\4.common\source\</path>
         <kind>object</kind>
         <file>F2837xD_DefaultISR.obj</file>
         <name>F2837xD_DefaultISR.obj</name>
      </input_file>
      <input_file id="fl-27">
         <path>.\4.common\source\</path>
         <kind>object</kind>
         <file>F2837xD_Dma.obj</file>
         <name>F2837xD_Dma.obj</name>
      </input_file>
      <input_file id="fl-28">
         <path>.\4.common\source\</path>
         <kind>object</kind>
         <file>F2837xD_ECap.obj</file>
         <name>F2837xD_ECap.obj</name>
      </input_file>
      <input_file id="fl-29">
         <path>.\4.common\source\</path>
         <kind>object</kind>
         <file>F2837xD_EPwm.obj</file>
         <name>F2837xD_EPwm.obj</name>
      </input_file>
      <input_file id="fl-2a">
         <path>.\4.common\source\</path>
         <kind>object</kind>
         <file>F2837xD_EQep.obj</file>
         <name>F2837xD_EQep.obj</name>
      </input_file>
      <input_file id="fl-2b">
         <path>.\4.common\source\</path>
         <kind>object</kind>
         <file>F2837xD_Emif.obj</file>
         <name>F2837xD_Emif.obj</name>
      </input_file>
      <input_file id="fl-2c">
         <path>.\4.common\source\</path>
         <kind>object</kind>
         <file>F2837xD_Gpio.obj</file>
         <name>F2837xD_Gpio.obj</name>
      </input_file>
      <input_file id="fl-2d">
         <path>.\4.common\source\</path>
         <kind>object</kind>
         <file>F2837xD_I2C.obj</file>
         <name>F2837xD_I2C.obj</name>
      </input_file>
      <input_file id="fl-2e">
         <path>.\4.common\source\</path>
         <kind>object</kind>
         <file>F2837xD_Ipc.obj</file>
         <name>F2837xD_Ipc.obj</name>
      </input_file>
      <input_file id="fl-2f">
         <path>.\4.common\source\</path>
         <kind>object</kind>
         <file>F2837xD_Ipc_Driver.obj</file>
         <name>F2837xD_Ipc_Driver.obj</name>
      </input_file>
      <input_file id="fl-30">
         <path>.\4.common\source\</path>
         <kind>object</kind>
         <file>F2837xD_Ipc_Driver_Lite.obj</file>
         <name>F2837xD_Ipc_Driver_Lite.obj</name>
      </input_file>
      <input_file id="fl-31">
         <path>.\4.common\source\</path>
         <kind>object</kind>
         <file>F2837xD_Ipc_Driver_Util.obj</file>
         <name>F2837xD_Ipc_Driver_Util.obj</name>
      </input_file>
      <input_file id="fl-32">
         <path>.\4.common\source\</path>
         <kind>object</kind>
         <file>F2837xD_Mcbsp.obj</file>
         <name>F2837xD_Mcbsp.obj</name>
      </input_file>
      <input_file id="fl-33">
         <path>.\4.common\source\</path>
         <kind>object</kind>
         <file>F2837xD_SWPrioritizedPieVect.obj</file>
         <name>F2837xD_SWPrioritizedPieVect.obj</name>
      </input_file>
      <input_file id="fl-34">
         <path>.\4.common\source\</path>
         <kind>object</kind>
         <file>F2837xD_Sci.obj</file>
         <name>F2837xD_Sci.obj</name>
      </input_file>
      <input_file id="fl-35">
         <path>.\4.common\source\</path>
         <kind>object</kind>
         <file>F2837xD_Spi.obj</file>
         <name>F2837xD_Spi.obj</name>
      </input_file>
      <input_file id="fl-36">
         <path>.\4.common\source\</path>
         <kind>object</kind>
         <file>F2837xD_SysCtrl.obj</file>
         <name>F2837xD_SysCtrl.obj</name>
      </input_file>
      <input_file id="fl-37">
         <path>.\4.common\source\</path>
         <kind>object</kind>
         <file>F2837xD_TempSensorConv.obj</file>
         <name>F2837xD_TempSensorConv.obj</name>
      </input_file>
      <input_file id="fl-38">
         <path>.\4.common\source\</path>
         <kind>object</kind>
         <file>F2837xD_Upp.obj</file>
         <name>F2837xD_Upp.obj</name>
      </input_file>
      <input_file id="fl-39">
         <path>.\4.common\source\</path>
         <kind>object</kind>
         <file>F2837xD_can.obj</file>
         <name>F2837xD_can.obj</name>
      </input_file>
      <input_file id="fl-3a">
         <path>.\4.common\source\</path>
         <kind>object</kind>
         <file>F2837xD_sci_io.obj</file>
         <name>F2837xD_sci_io.obj</name>
      </input_file>
      <input_file id="fl-3b">
         <path>.\4.common\source\</path>
         <kind>object</kind>
         <file>F2837xD_sdfm_drivers.obj</file>
         <name>F2837xD_sdfm_drivers.obj</name>
      </input_file>
      <input_file id="fl-3c">
         <path>.\4.common\source\</path>
         <kind>object</kind>
         <file>F2837xD_struct.obj</file>
         <name>F2837xD_struct.obj</name>
      </input_file>
      <input_file id="fl-3d">
         <path>.\4.common\source\</path>
         <kind>object</kind>
         <file>F2837xD_usDelay.obj</file>
         <name>F2837xD_usDelay.obj</name>
      </input_file>
      <input_file id="fl-3e">
         <path>.\4.common\source\</path>
         <kind>object</kind>
         <file>device.obj</file>
         <name>device.obj</name>
      </input_file>
      <input_file id="fl-3f">
         <path>.\5.headers\source\</path>
         <kind>object</kind>
         <file>F2837xD_GlobalVariableDefs.obj</file>
         <name>F2837xD_GlobalVariableDefs.obj</name>
      </input_file>
      <input_file id="fl-40">
         <path>.\6.user\</path>
         <kind>object</kind>
         <file>bldc.obj</file>
         <name>bldc.obj</name>
      </input_file>
      <input_file id="fl-41">
         <path>.\6.user\</path>
         <kind>object</kind>
         <file>ecap.obj</file>
         <name>ecap.obj</name>
      </input_file>
      <input_file id="fl-42">
         <path>.\6.user\</path>
         <kind>object</kind>
         <file>epwm.obj</file>
         <name>epwm.obj</name>
      </input_file>
      <input_file id="fl-43">
         <path>.\6.user\</path>
         <kind>object</kind>
         <file>gpio.obj</file>
         <name>gpio.obj</name>
      </input_file>
      <input_file id="fl-44">
         <path>.\6.user\</path>
         <kind>object</kind>
         <file>led.obj</file>
         <name>led.obj</name>
      </input_file>
      <input_file id="fl-45">
         <path>.\6.user\</path>
         <kind>object</kind>
         <file>main.obj</file>
         <name>main.obj</name>
      </input_file>
      <input_file id="fl-4b">
         <path>..\2.math_lib\</path>
         <kind>archive</kind>
         <file>rts2800_fpu32_eabi.lib</file>
         <name>boot28.asm.obj</name>
      </input_file>
      <input_file id="fl-4d">
         <kind>object</kind>
         <file>&lt;internal&gt;</file>
         <name>&lt;internal&gt;</name>
      </input_file>
      <input_file id="fl-4e">
         <path>..\2.math_lib\</path>
         <kind>archive</kind>
         <file>rts2800_fpu32_eabi.lib</file>
         <name>pre_init.c.obj</name>
      </input_file>
      <input_file id="fl-4f">
         <path>..\2.math_lib\</path>
         <kind>archive</kind>
         <file>rts2800_fpu32_eabi.lib</file>
         <name>autoinit.c.obj</name>
      </input_file>
      <input_file id="fl-50">
         <path>..\2.math_lib\</path>
         <kind>archive</kind>
         <file>rts2800_fpu32_eabi.lib</file>
         <name>copy_zero_init.c.obj</name>
      </input_file>
      <input_file id="fl-51">
         <path>..\2.math_lib\</path>
         <kind>archive</kind>
         <file>rts2800_fpu32_eabi.lib</file>
         <name>copy_decompress_none.c.obj</name>
      </input_file>
      <input_file id="fl-52">
         <path>..\2.math_lib\</path>
         <kind>archive</kind>
         <file>rts2800_fpu32_eabi.lib</file>
         <name>copy_decompress_lzss.c.obj</name>
      </input_file>
      <input_file id="fl-53">
         <path>..\2.math_lib\</path>
         <kind>archive</kind>
         <file>rts2800_fpu32_eabi.lib</file>
         <name>exit.c.obj</name>
      </input_file>
      <input_file id="fl-54">
         <path>..\2.math_lib\</path>
         <kind>archive</kind>
         <file>rts2800_fpu32_eabi.lib</file>
         <name>_lock.c.obj</name>
      </input_file>
      <input_file id="fl-55">
         <path>..\2.math_lib\</path>
         <kind>archive</kind>
         <file>rts2800_fpu32_eabi.lib</file>
         <name>args_main.c.obj</name>
      </input_file>
      <input_file id="fl-56">
         <path>..\2.math_lib\</path>
         <kind>archive</kind>
         <file>rts2800_fpu32_eabi.lib</file>
         <name>memset.c.obj</name>
      </input_file>
      <input_file id="fl-57">
         <path>..\2.math_lib\</path>
         <kind>archive</kind>
         <file>rts2800_fpu32_eabi.lib</file>
         <name>cpy_tbl.c.obj</name>
      </input_file>
      <input_file id="fl-58">
         <path>..\2.math_lib\</path>
         <kind>archive</kind>
         <file>rts2800_fpu32_eabi.lib</file>
         <name>memcpy.c.obj</name>
      </input_file>
      <input_file id="fl-59">
         <path>..\2.math_lib\</path>
         <kind>archive</kind>
         <file>rts2800_fpu32_eabi.lib</file>
         <name>startup.c.obj</name>
      </input_file>
      <input_file id="fl-65">
         <path>D:\1-ti\ccs\tools\compiler\ti-cgt-c2000_22.6.1.LTS\lib\</path>
         <kind>archive</kind>
         <file>rts2800_fpu32_eabi.lib</file>
         <name>fd_cmp28.asm.obj</name>
      </input_file>
      <input_file id="fl-66">
         <path>D:\1-ti\ccs\tools\compiler\ti-cgt-c2000_22.6.1.LTS\lib\</path>
         <kind>archive</kind>
         <file>rts2800_fpu32_eabi.lib</file>
         <name>fd_mpy28.asm.obj</name>
      </input_file>
      <input_file id="fl-67">
         <path>D:\1-ti\ccs\tools\compiler\ti-cgt-c2000_22.6.1.LTS\lib\</path>
         <kind>archive</kind>
         <file>rts2800_fpu32_eabi.lib</file>
         <name>fd_toi28.asm.obj</name>
      </input_file>
      <input_file id="fl-68">
         <path>D:\1-ti\ccs\tools\compiler\ti-cgt-c2000_22.6.1.LTS\lib\</path>
         <kind>archive</kind>
         <file>rts2800_fpu32_eabi.lib</file>
         <name>fs_div28.asm.obj</name>
      </input_file>
      <input_file id="fl-69">
         <path>D:\1-ti\ccs\tools\compiler\ti-cgt-c2000_22.6.1.LTS\lib\</path>
         <kind>archive</kind>
         <file>rts2800_fpu32_eabi.lib</file>
         <name>ll_aox28.asm.obj</name>
      </input_file>
      <input_file id="fl-6a">
         <path>D:\1-ti\ccs\tools\compiler\ti-cgt-c2000_22.6.1.LTS\lib\</path>
         <kind>archive</kind>
         <file>rts2800_fpu32_eabi.lib</file>
         <name>i_tofd28.asm.obj</name>
      </input_file>
      <input_file id="fl-6b">
         <path>D:\1-ti\ccs\tools\compiler\ti-cgt-c2000_22.6.1.LTS\lib\</path>
         <kind>archive</kind>
         <file>rts2800_fpu32_eabi.lib</file>
         <name>l_tofd28.asm.obj</name>
      </input_file>
      <input_file id="fl-6c">
         <path>D:\1-ti\ccs\tools\compiler\ti-cgt-c2000_22.6.1.LTS\lib\</path>
         <kind>archive</kind>
         <file>rts2800_fpu32_eabi.lib</file>
         <name>fs_tofdfpu32.asm.obj</name>
      </input_file>
      <input_file id="fl-6d">
         <path>D:\1-ti\ccs\tools\compiler\ti-cgt-c2000_22.6.1.LTS\lib\</path>
         <kind>archive</kind>
         <file>rts2800_fpu32_eabi.lib</file>
         <name>fd_div28.asm.obj</name>
      </input_file>
   </input_file_list>
   <object_component_list>
      <object_component id="oc-b7">
         <name>codestart</name>
         <load_address>0x0</load_address>
         <run_address>0x0</run_address>
         <size>0x2</size>
         <input_file_ref idref="fl-23"/>
      </object_component>
      <object_component id="oc-bc">
         <name>.text:retain</name>
         <load_address>0x8000</load_address>
         <run_address>0x8000</run_address>
         <size>0x585</size>
         <input_file_ref idref="fl-26"/>
      </object_component>
      <object_component id="oc-12a">
         <name>.text</name>
         <load_address>0x8585</load_address>
         <run_address>0x8585</run_address>
         <size>0x1eb</size>
         <input_file_ref idref="fl-13"/>
      </object_component>
      <object_component id="oc-13d">
         <name>.text</name>
         <load_address>0x8770</load_address>
         <run_address>0x8770</run_address>
         <size>0x88</size>
         <input_file_ref idref="fl-68"/>
      </object_component>
      <object_component id="oc-116">
         <name>.text</name>
         <load_address>0x87f8</load_address>
         <run_address>0x87f8</run_address>
         <size>0x8</size>
         <input_file_ref idref="fl-23"/>
      </object_component>
      <object_component id="oc-14a">
         <name>.text</name>
         <load_address>0x8800</load_address>
         <run_address>0x8800</run_address>
         <size>0x3db</size>
         <input_file_ref idref="fl-3e"/>
      </object_component>
      <object_component id="oc-c6">
         <name>.text</name>
         <load_address>0x8bdb</load_address>
         <run_address>0x8bdb</run_address>
         <size>0x2e1</size>
         <input_file_ref idref="fl-40"/>
      </object_component>
      <object_component id="oc-dd">
         <name>.text:retain</name>
         <load_address>0x8ebc</load_address>
         <run_address>0x8ebc</run_address>
         <size>0x120</size>
         <input_file_ref idref="fl-45"/>
      </object_component>
      <object_component id="oc-a0">
         <name>.text</name>
         <load_address>0x8fdc</load_address>
         <run_address>0x8fdc</run_address>
         <size>0x17</size>
         <input_file_ref idref="fl-4b"/>
      </object_component>
      <object_component id="oc-ee">
         <name>.text:decompress:ZI:__TI_zero_init_nomemset</name>
         <load_address>0x8ff3</load_address>
         <run_address>0x8ff3</run_address>
         <size>0xd</size>
         <input_file_ref idref="fl-50"/>
      </object_component>
      <object_component id="oc-156">
         <name>.text</name>
         <load_address>0x9000</load_address>
         <run_address>0x9000</run_address>
         <size>0x2b7</size>
         <input_file_ref idref="fl-42"/>
      </object_component>
      <object_component id="oc-a9">
         <name>.text</name>
         <load_address>0x92b7</load_address>
         <run_address>0x92b7</run_address>
         <size>0x173</size>
         <input_file_ref idref="fl-16"/>
      </object_component>
      <object_component id="oc-137">
         <name>.text</name>
         <load_address>0x942a</load_address>
         <run_address>0x942a</run_address>
         <size>0x15a</size>
         <input_file_ref idref="fl-41"/>
      </object_component>
      <object_component id="oc-150">
         <name>.text</name>
         <load_address>0x9584</load_address>
         <run_address>0x9584</run_address>
         <size>0xc0</size>
         <input_file_ref idref="fl-43"/>
      </object_component>
      <object_component id="oc-c5">
         <name>.text:retain</name>
         <load_address>0x9644</load_address>
         <run_address>0x9644</run_address>
         <size>0x9a</size>
         <input_file_ref idref="fl-40"/>
      </object_component>
      <object_component id="oc-d1">
         <name>.text:retain</name>
         <load_address>0x96de</load_address>
         <run_address>0x96de</run_address>
         <size>0x7b</size>
         <input_file_ref idref="fl-41"/>
      </object_component>
      <object_component id="oc-d7">
         <name>.text</name>
         <load_address>0x9759</load_address>
         <run_address>0x9759</run_address>
         <size>0x7a</size>
         <input_file_ref idref="fl-45"/>
      </object_component>
      <object_component id="oc-178">
         <name>.text:__TI_auto_init_nobinit_nopinit</name>
         <load_address>0x97d3</load_address>
         <run_address>0x97d3</run_address>
         <size>0x2b</size>
         <input_file_ref idref="fl-4f"/>
      </object_component>
      <object_component id="oc-a5">
         <name>.text:retain</name>
         <load_address>0x9800</load_address>
         <run_address>0x9800</run_address>
         <size>0x2a</size>
         <input_file_ref idref="fl-16"/>
      </object_component>
      <object_component id="oc-107">
         <name>.text</name>
         <load_address>0x982a</load_address>
         <run_address>0x982a</run_address>
         <size>0x29</size>
         <input_file_ref idref="fl-53"/>
      </object_component>
      <object_component id="oc-101">
         <name>.text</name>
         <load_address>0x9853</load_address>
         <run_address>0x9853</run_address>
         <size>0xc</size>
         <input_file_ref idref="fl-55"/>
      </object_component>
      <object_component id="oc-21b">
         <name>.text</name>
         <load_address>0x985f</load_address>
         <run_address>0x985f</run_address>
         <size>0x9</size>
         <input_file_ref idref="fl-54"/>
      </object_component>
      <object_component id="oc-99">
         <name>.text:decompress:none</name>
         <load_address>0x9868</load_address>
         <run_address>0x9868</run_address>
         <size>0x8</size>
         <input_file_ref idref="fl-51"/>
      </object_component>
      <object_component id="oc-1dd">
         <name>.text</name>
         <load_address>0xb000</load_address>
         <run_address>0xb000</run_address>
         <size>0x5c0</size>
         <input_file_ref idref="fl-1d"/>
      </object_component>
      <object_component id="oc-b0">
         <name>.text</name>
         <load_address>0xb5c0</load_address>
         <run_address>0xb5c0</run_address>
         <size>0x1ec</size>
         <input_file_ref idref="fl-17"/>
      </object_component>
      <object_component id="oc-93">
         <name>.text:decompress:lzss</name>
         <load_address>0xb7ac</load_address>
         <run_address>0xb7ac</run_address>
         <size>0x30</size>
         <input_file_ref idref="fl-52"/>
      </object_component>
      <object_component id="oc-e6">
         <name>.text</name>
         <load_address>0xb7dc</load_address>
         <run_address>0xb7dc</run_address>
         <size>0x1d</size>
         <input_file_ref idref="fl-58"/>
      </object_component>
      <object_component id="oc-fa">
         <name>.text</name>
         <load_address>0xb7f9</load_address>
         <run_address>0xb7f9</run_address>
         <size>0x2</size>
         <input_file_ref idref="fl-4e"/>
      </object_component>
      <object_component id="oc-201">
         <name>.text</name>
         <load_address>0xb7fb</load_address>
         <run_address>0xb7fb</run_address>
         <size>0x1</size>
         <input_file_ref idref="fl-59"/>
      </object_component>
      <object_component id="oc-302">
         <name>.cinit..data.load</name>
         <load_address>0x128</load_address>
         <run_address>0x128</run_address>
         <size>0x1a</size>
      </object_component>
      <object_component id="oc-2ff">
         <name>__TI_handler_table</name>
         <load_address>0x142</load_address>
         <run_address>0x142</run_address>
         <size>0x6</size>
      </object_component>
      <object_component id="oc-301">
         <name>.cinit..bss.load</name>
         <load_address>0x148</load_address>
         <run_address>0x148</run_address>
         <size>0x4</size>
      </object_component>
      <object_component id="oc-303">
         <name>.cinit.MSGRAM_CPU1_TO_CPU2.load</name>
         <load_address>0x14c</load_address>
         <run_address>0x14c</run_address>
         <size>0x4</size>
      </object_component>
      <object_component id="oc-304">
         <name>.cinit.MSGRAM_CPU2_TO_CPU1.load</name>
         <load_address>0x150</load_address>
         <run_address>0x150</run_address>
         <size>0x4</size>
      </object_component>
      <object_component id="oc-300">
         <name>__TI_cinit_table</name>
         <load_address>0x154</load_address>
         <run_address>0x154</run_address>
         <size>0x10</size>
      </object_component>
      <object_component id="oc-e3">
         <name>.stack</name>
         <uninitialized>true</uninitialized>
         <run_address>0x400</run_address>
         <size>0x0</size>
         <input_file_ref idref="fl-4b"/>
      </object_component>
      <object_component id="oc-305">
         <name>.stack</name>
         <uninitialized>true</uninitialized>
         <run_address>0x400</run_address>
         <size>0x0</size>
      </object_component>
      <object_component id="oc-145">
         <name>.bss</name>
         <uninitialized>true</uninitialized>
         <run_address>0xaab8</run_address>
         <size>0x6</size>
         <input_file_ref idref="fl-41"/>
      </object_component>
      <object_component id="oc-161">
         <name>.bss</name>
         <uninitialized>true</uninitialized>
         <run_address>0xaabe</run_address>
         <size>0x2</size>
         <input_file_ref idref="fl-45"/>
      </object_component>
      <object_component id="oc-c2">
         <name>.const</name>
         <load_address>0xa800</load_address>
         <run_address>0xa800</run_address>
         <size>0x1c0</size>
         <input_file_ref idref="fl-33"/>
      </object_component>
      <object_component id="oc-111">
         <name>.const:IPC_Instance</name>
         <load_address>0xa9c0</load_address>
         <run_address>0xa9c0</run_address>
         <size>0x44</size>
         <input_file_ref idref="fl-17"/>
      </object_component>
      <object_component id="oc-131">
         <name>.const:Hall_Dir_Table</name>
         <load_address>0xaa04</load_address>
         <run_address>0xaa04</run_address>
         <size>0x40</size>
         <input_file_ref idref="fl-40"/>
      </object_component>
      <object_component id="oc-124">
         <name>.const:commutationTable_FWD</name>
         <load_address>0xaa44</load_address>
         <run_address>0xaa44</run_address>
         <size>0x18</size>
         <input_file_ref idref="fl-40"/>
      </object_component>
      <object_component id="oc-127">
         <name>.const:commutationTable_REV</name>
         <load_address>0xaa5c</load_address>
         <run_address>0xaa5c</run_address>
         <size>0x18</size>
         <input_file_ref idref="fl-40"/>
      </object_component>
      <object_component id="oc-1e3">
         <name>.data</name>
         <load_address>0xaaaa</load_address>
         <run_address>0xaaaa</run_address>
         <size>0x6</size>
         <input_file_ref idref="fl-3e"/>
      </object_component>
      <object_component id="oc-121">
         <name>.data</name>
         <load_address>0xaa9c</load_address>
         <run_address>0xaa9c</run_address>
         <size>0xe</size>
         <input_file_ref idref="fl-40"/>
      </object_component>
      <object_component id="oc-142">
         <name>.data</name>
         <load_address>0xaa74</load_address>
         <run_address>0xaa74</run_address>
         <size>0x8</size>
         <input_file_ref idref="fl-41"/>
      </object_component>
      <object_component id="oc-1ea">
         <name>.data</name>
         <load_address>0xaab6</load_address>
         <run_address>0xaab6</run_address>
         <size>0x1</size>
         <input_file_ref idref="fl-42"/>
      </object_component>
      <object_component id="oc-15c">
         <name>.data</name>
         <load_address>0xaa80</load_address>
         <run_address>0xaa80</run_address>
         <size>0x1c</size>
         <input_file_ref idref="fl-45"/>
      </object_component>
      <object_component id="oc-1aa">
         <name>.data</name>
         <load_address>0xaab0</load_address>
         <run_address>0xaab0</run_address>
         <size>0x6</size>
         <input_file_ref idref="fl-53"/>
      </object_component>
      <object_component id="oc-1ad">
         <name>.data:_lock</name>
         <load_address>0xaa7c</load_address>
         <run_address>0xaa7c</run_address>
         <size>0x2</size>
         <input_file_ref idref="fl-54"/>
      </object_component>
      <object_component id="oc-247">
         <name>.data:_unlock</name>
         <load_address>0xaa7e</load_address>
         <run_address>0xaa7e</run_address>
         <size>0x2</size>
         <input_file_ref idref="fl-54"/>
      </object_component>
      <object_component id="oc-130">
         <name>.TI.ramfunc</name>
         <load_address>0x123</load_address>
         <run_address>0x123</run_address>
         <size>0x4</size>
         <input_file_ref idref="fl-1d"/>
      </object_component>
      <object_component id="oc-1ce">
         <name>.debug_types</name>
         <load_address>0x0</load_address>
         <run_address>0x0</run_address>
         <size>0x8ef</size>
         <input_file_ref idref="fl-13"/>
      </object_component>
      <object_component id="oc-10f">
         <name>.debug_types</name>
         <load_address>0x0</load_address>
         <run_address>0x0</run_address>
         <size>0x0</size>
         <input_file_ref idref="fl-16"/>
      </object_component>
      <object_component id="oc-115">
         <name>.debug_types</name>
         <load_address>0x8ef</load_address>
         <run_address>0x8ef</run_address>
         <size>0xd60</size>
         <input_file_ref idref="fl-17"/>
      </object_component>
      <object_component id="oc-22f">
         <name>.debug_types</name>
         <load_address>0x164f</load_address>
         <run_address>0x164f</run_address>
         <size>0x3a1</size>
         <input_file_ref idref="fl-1d"/>
      </object_component>
      <object_component id="oc-11d">
         <name>.debug_types</name>
         <load_address>0x0</load_address>
         <run_address>0x0</run_address>
         <size>0x0</size>
         <input_file_ref idref="fl-26"/>
      </object_component>
      <object_component id="oc-120">
         <name>.debug_types</name>
         <load_address>0x19f0</load_address>
         <run_address>0x19f0</run_address>
         <size>0x1cad</size>
         <input_file_ref idref="fl-33"/>
      </object_component>
      <object_component id="oc-1e7">
         <name>.debug_types</name>
         <load_address>0x369d</load_address>
         <run_address>0x369d</run_address>
         <size>0xcd4</size>
         <input_file_ref idref="fl-3e"/>
      </object_component>
      <object_component id="oc-135">
         <name>.debug_types</name>
         <load_address>0x4371</load_address>
         <run_address>0x4371</run_address>
         <size>0x71b</size>
         <input_file_ref idref="fl-40"/>
      </object_component>
      <object_component id="oc-149">
         <name>.debug_types</name>
         <load_address>0x4a8c</load_address>
         <run_address>0x4a8c</run_address>
         <size>0x2b6</size>
         <input_file_ref idref="fl-41"/>
      </object_component>
      <object_component id="oc-1ee">
         <name>.debug_types</name>
         <load_address>0x4d42</load_address>
         <run_address>0x4d42</run_address>
         <size>0xb55</size>
         <input_file_ref idref="fl-42"/>
      </object_component>
      <object_component id="oc-1e9">
         <name>.debug_types</name>
         <load_address>0x0</load_address>
         <run_address>0x0</run_address>
         <size>0x0</size>
         <input_file_ref idref="fl-43"/>
      </object_component>
      <object_component id="oc-160">
         <name>.debug_types</name>
         <load_address>0x0</load_address>
         <run_address>0x0</run_address>
         <size>0x0</size>
         <input_file_ref idref="fl-45"/>
      </object_component>
      <object_component id="oc-177">
         <name>.debug_types</name>
         <load_address>0x0</load_address>
         <run_address>0x0</run_address>
         <size>0x0</size>
         <input_file_ref idref="fl-4e"/>
      </object_component>
      <object_component id="oc-208">
         <name>.debug_types</name>
         <load_address>0x5897</load_address>
         <run_address>0x5897</run_address>
         <size>0x46c</size>
         <input_file_ref idref="fl-4f"/>
      </object_component>
      <object_component id="oc-16e">
         <name>.debug_types</name>
         <load_address>0x5d03</load_address>
         <run_address>0x5d03</run_address>
         <size>0x1f3</size>
         <input_file_ref idref="fl-50"/>
      </object_component>
      <object_component id="oc-ed">
         <name>.debug_types</name>
         <load_address>0x0</load_address>
         <run_address>0x0</run_address>
         <size>0x0</size>
         <input_file_ref idref="fl-51"/>
      </object_component>
      <object_component id="oc-e5">
         <name>.debug_types</name>
         <load_address>0x5ef6</load_address>
         <run_address>0x5ef6</run_address>
         <size>0x191</size>
         <input_file_ref idref="fl-52"/>
      </object_component>
      <object_component id="oc-1b1">
         <name>.debug_types</name>
         <load_address>0x6087</load_address>
         <run_address>0x6087</run_address>
         <size>0xbf</size>
         <input_file_ref idref="fl-53"/>
      </object_component>
      <object_component id="oc-223">
         <name>.debug_types</name>
         <load_address>0x6146</load_address>
         <run_address>0x6146</run_address>
         <size>0x2f</size>
         <input_file_ref idref="fl-54"/>
      </object_component>
      <object_component id="oc-1a9">
         <name>.debug_types</name>
         <load_address>0x6175</load_address>
         <run_address>0x6175</run_address>
         <size>0xe1</size>
         <input_file_ref idref="fl-55"/>
      </object_component>
      <object_component id="oc-169">
         <name>.debug_types</name>
         <load_address>0x6256</load_address>
         <run_address>0x6256</run_address>
         <size>0xb8</size>
         <input_file_ref idref="fl-58"/>
      </object_component>
      <object_component id="oc-241">
         <name>.debug_types</name>
         <load_address>0x0</load_address>
         <run_address>0x0</run_address>
         <size>0x0</size>
         <input_file_ref idref="fl-59"/>
      </object_component>
      <object_component id="oc-12e">
         <name>.debug_info</name>
         <load_address>0x0</load_address>
         <run_address>0x0</run_address>
         <size>0xa7d</size>
         <input_file_ref idref="fl-13"/>
      </object_component>
      <object_component id="oc-aa">
         <name>.debug_info</name>
         <load_address>0xa7d</load_address>
         <run_address>0xa7d</run_address>
         <size>0x5d4</size>
         <input_file_ref idref="fl-16"/>
      </object_component>
      <object_component id="oc-a6">
         <name>.debug_info</name>
         <load_address>0x1051</load_address>
         <run_address>0x1051</run_address>
         <size>0x21c</size>
         <input_file_ref idref="fl-16"/>
      </object_component>
      <object_component id="oc-112">
         <name>.debug_info</name>
         <load_address>0x126d</load_address>
         <run_address>0x126d</run_address>
         <size>0xe4</size>
         <input_file_ref idref="fl-17"/>
      </object_component>
      <object_component id="oc-1b6">
         <name>.debug_info</name>
         <load_address>0x1351</load_address>
         <run_address>0x1351</run_address>
         <size>0x100</size>
         <input_file_ref idref="fl-17"/>
      </object_component>
      <object_component id="oc-1b9">
         <name>.debug_info</name>
         <load_address>0x1451</load_address>
         <run_address>0x1451</run_address>
         <size>0x100</size>
         <input_file_ref idref="fl-17"/>
      </object_component>
      <object_component id="oc-b4">
         <name>.debug_info</name>
         <load_address>0x1551</load_address>
         <run_address>0x1551</run_address>
         <size>0xb76</size>
         <input_file_ref idref="fl-17"/>
      </object_component>
      <object_component id="oc-1df">
         <name>.debug_info</name>
         <load_address>0x20c7</load_address>
         <run_address>0x20c7</run_address>
         <size>0x145b</size>
         <input_file_ref idref="fl-1d"/>
      </object_component>
      <object_component id="oc-b8">
         <name>.debug_info</name>
         <load_address>0x3522</load_address>
         <run_address>0x3522</run_address>
         <size>0x10b</size>
         <input_file_ref idref="fl-23"/>
      </object_component>
      <object_component id="oc-117">
         <name>.debug_info</name>
         <load_address>0x362d</load_address>
         <run_address>0x362d</run_address>
         <size>0x10c</size>
         <input_file_ref idref="fl-23"/>
      </object_component>
      <object_component id="oc-be">
         <name>.debug_info</name>
         <load_address>0x3739</load_address>
         <run_address>0x3739</run_address>
         <size>0x2ce8</size>
         <input_file_ref idref="fl-26"/>
      </object_component>
      <object_component id="oc-c3">
         <name>.debug_info</name>
         <load_address>0x6421</load_address>
         <run_address>0x6421</run_address>
         <size>0x105</size>
         <input_file_ref idref="fl-33"/>
      </object_component>
      <object_component id="oc-1e4">
         <name>.debug_info</name>
         <load_address>0x6526</load_address>
         <run_address>0x6526</run_address>
         <size>0x14d</size>
         <input_file_ref idref="fl-3e"/>
      </object_component>
      <object_component id="oc-14d">
         <name>.debug_info</name>
         <load_address>0x6673</load_address>
         <run_address>0x6673</run_address>
         <size>0x1c90</size>
         <input_file_ref idref="fl-3e"/>
      </object_component>
      <object_component id="oc-122">
         <name>.debug_info</name>
         <load_address>0x8303</load_address>
         <run_address>0x8303</run_address>
         <size>0x30e</size>
         <input_file_ref idref="fl-40"/>
      </object_component>
      <object_component id="oc-125">
         <name>.debug_info</name>
         <load_address>0x8611</load_address>
         <run_address>0x8611</run_address>
         <size>0xec</size>
         <input_file_ref idref="fl-40"/>
      </object_component>
      <object_component id="oc-128">
         <name>.debug_info</name>
         <load_address>0x86fd</load_address>
         <run_address>0x86fd</run_address>
         <size>0xec</size>
         <input_file_ref idref="fl-40"/>
      </object_component>
      <object_component id="oc-132">
         <name>.debug_info</name>
         <load_address>0x87e9</load_address>
         <run_address>0x87e9</run_address>
         <size>0xe0</size>
         <input_file_ref idref="fl-40"/>
      </object_component>
      <object_component id="oc-c9">
         <name>.debug_info</name>
         <load_address>0x88c9</load_address>
         <run_address>0x88c9</run_address>
         <size>0x1314</size>
         <input_file_ref idref="fl-40"/>
      </object_component>
      <object_component id="oc-cf">
         <name>.debug_info</name>
         <load_address>0x9bdd</load_address>
         <run_address>0x9bdd</run_address>
         <size>0x23b</size>
         <input_file_ref idref="fl-40"/>
      </object_component>
      <object_component id="oc-143">
         <name>.debug_info</name>
         <load_address>0x9e18</load_address>
         <run_address>0x9e18</run_address>
         <size>0x150</size>
         <input_file_ref idref="fl-41"/>
      </object_component>
      <object_component id="oc-146">
         <name>.debug_info</name>
         <load_address>0x9f68</load_address>
         <run_address>0x9f68</run_address>
         <size>0x132</size>
         <input_file_ref idref="fl-41"/>
      </object_component>
      <object_component id="oc-138">
         <name>.debug_info</name>
         <load_address>0xa09a</load_address>
         <run_address>0xa09a</run_address>
         <size>0x1047</size>
         <input_file_ref idref="fl-41"/>
      </object_component>
      <object_component id="oc-d3">
         <name>.debug_info</name>
         <load_address>0xb0e1</load_address>
         <run_address>0xb0e1</run_address>
         <size>0x20a</size>
         <input_file_ref idref="fl-41"/>
      </object_component>
      <object_component id="oc-1eb">
         <name>.debug_info</name>
         <load_address>0xb2eb</load_address>
         <run_address>0xb2eb</run_address>
         <size>0xc6</size>
         <input_file_ref idref="fl-42"/>
      </object_component>
      <object_component id="oc-158">
         <name>.debug_info</name>
         <load_address>0xb3b1</load_address>
         <run_address>0xb3b1</run_address>
         <size>0x1b3a</size>
         <input_file_ref idref="fl-42"/>
      </object_component>
      <object_component id="oc-152">
         <name>.debug_info</name>
         <load_address>0xceeb</load_address>
         <run_address>0xceeb</run_address>
         <size>0x562</size>
         <input_file_ref idref="fl-43"/>
      </object_component>
      <object_component id="oc-15d">
         <name>.debug_info</name>
         <load_address>0xd44d</load_address>
         <run_address>0xd44d</run_address>
         <size>0x2b8</size>
         <input_file_ref idref="fl-45"/>
      </object_component>
      <object_component id="oc-162">
         <name>.debug_info</name>
         <load_address>0xd705</load_address>
         <run_address>0xd705</run_address>
         <size>0xd4</size>
         <input_file_ref idref="fl-45"/>
      </object_component>
      <object_component id="oc-d9">
         <name>.debug_info</name>
         <load_address>0xd7d9</load_address>
         <run_address>0xd7d9</run_address>
         <size>0x56a</size>
         <input_file_ref idref="fl-45"/>
      </object_component>
      <object_component id="oc-e1">
         <name>.debug_info</name>
         <load_address>0xdd43</load_address>
         <run_address>0xdd43</run_address>
         <size>0x223</size>
         <input_file_ref idref="fl-45"/>
      </object_component>
      <object_component id="oc-a2">
         <name>.debug_info</name>
         <load_address>0xdf66</load_address>
         <run_address>0xdf66</run_address>
         <size>0x158</size>
         <input_file_ref idref="fl-4b"/>
      </object_component>
      <object_component id="oc-fb">
         <name>.debug_info</name>
         <load_address>0xe0be</load_address>
         <run_address>0xe0be</run_address>
         <size>0x14d</size>
         <input_file_ref idref="fl-4e"/>
      </object_component>
      <object_component id="oc-17a">
         <name>.debug_info</name>
         <load_address>0xe20b</load_address>
         <run_address>0xe20b</run_address>
         <size>0x1bf</size>
         <input_file_ref idref="fl-4f"/>
      </object_component>
      <object_component id="oc-f0">
         <name>.debug_info</name>
         <load_address>0xe3ca</load_address>
         <run_address>0xe3ca</run_address>
         <size>0x1b6</size>
         <input_file_ref idref="fl-50"/>
      </object_component>
      <object_component id="oc-9a">
         <name>.debug_info</name>
         <load_address>0xe580</load_address>
         <run_address>0xe580</run_address>
         <size>0x1b7</size>
         <input_file_ref idref="fl-51"/>
      </object_component>
      <object_component id="oc-94">
         <name>.debug_info</name>
         <load_address>0xe737</load_address>
         <run_address>0xe737</run_address>
         <size>0x219</size>
         <input_file_ref idref="fl-52"/>
      </object_component>
      <object_component id="oc-1ab">
         <name>.debug_info</name>
         <load_address>0xe950</load_address>
         <run_address>0xe950</run_address>
         <size>0x19e</size>
         <input_file_ref idref="fl-53"/>
      </object_component>
      <object_component id="oc-108">
         <name>.debug_info</name>
         <load_address>0xeaee</load_address>
         <run_address>0xeaee</run_address>
         <size>0x1a9</size>
         <input_file_ref idref="fl-53"/>
      </object_component>
      <object_component id="oc-1ae">
         <name>.debug_info</name>
         <load_address>0xec97</load_address>
         <run_address>0xec97</run_address>
         <size>0x107</size>
         <input_file_ref idref="fl-54"/>
      </object_component>
      <object_component id="oc-248">
         <name>.debug_info</name>
         <load_address>0xed9e</load_address>
         <run_address>0xed9e</run_address>
         <size>0x10b</size>
         <input_file_ref idref="fl-54"/>
      </object_component>
      <object_component id="oc-21e">
         <name>.debug_info</name>
         <load_address>0xeea9</load_address>
         <run_address>0xeea9</run_address>
         <size>0x203</size>
         <input_file_ref idref="fl-54"/>
      </object_component>
      <object_component id="oc-102">
         <name>.debug_info</name>
         <load_address>0xf0ac</load_address>
         <run_address>0xf0ac</run_address>
         <size>0x15d</size>
         <input_file_ref idref="fl-55"/>
      </object_component>
      <object_component id="oc-e8">
         <name>.debug_info</name>
         <load_address>0xf209</load_address>
         <run_address>0xf209</run_address>
         <size>0x19b</size>
         <input_file_ref idref="fl-58"/>
      </object_component>
      <object_component id="oc-202">
         <name>.debug_info</name>
         <load_address>0xf3a4</load_address>
         <run_address>0xf3a4</run_address>
         <size>0x147</size>
         <input_file_ref idref="fl-59"/>
      </object_component>
      <object_component id="oc-140">
         <name>.debug_info</name>
         <load_address>0xf4eb</load_address>
         <run_address>0xf4eb</run_address>
         <size>0x127</size>
         <input_file_ref idref="fl-68"/>
      </object_component>
      <object_component id="oc-30b">
         <name>.debug_info</name>
         <load_address>0xf612</load_address>
         <run_address>0xf612</run_address>
         <size>0x99</size>
      </object_component>
      <object_component id="oc-12c">
         <name>.debug_line</name>
         <load_address>0x0</load_address>
         <run_address>0x0</run_address>
         <size>0x274</size>
         <input_file_ref idref="fl-13"/>
      </object_component>
      <object_component id="oc-22c">
         <name>.debug_line</name>
         <load_address>0x274</load_address>
         <run_address>0x274</run_address>
         <size>0x5c</size>
         <input_file_ref idref="fl-13"/>
      </object_component>
      <object_component id="oc-ad">
         <name>.debug_line</name>
         <load_address>0x2d0</load_address>
         <run_address>0x2d0</run_address>
         <size>0x1d3</size>
         <input_file_ref idref="fl-16"/>
      </object_component>
      <object_component id="oc-af">
         <name>.debug_line</name>
         <load_address>0x4a3</load_address>
         <run_address>0x4a3</run_address>
         <size>0x8d</size>
         <input_file_ref idref="fl-16"/>
      </object_component>
      <object_component id="oc-1b3">
         <name>.debug_line</name>
         <load_address>0x530</load_address>
         <run_address>0x530</run_address>
         <size>0x21</size>
         <input_file_ref idref="fl-16"/>
      </object_component>
      <object_component id="oc-1bc">
         <name>.debug_line</name>
         <load_address>0x551</load_address>
         <run_address>0x551</run_address>
         <size>0x3d</size>
         <input_file_ref idref="fl-17"/>
      </object_component>
      <object_component id="oc-228">
         <name>.debug_line</name>
         <load_address>0x58e</load_address>
         <run_address>0x58e</run_address>
         <size>0x3d</size>
         <input_file_ref idref="fl-17"/>
      </object_component>
      <object_component id="oc-22a">
         <name>.debug_line</name>
         <load_address>0x5cb</load_address>
         <run_address>0x5cb</run_address>
         <size>0x3d</size>
         <input_file_ref idref="fl-17"/>
      </object_component>
      <object_component id="oc-b1">
         <name>.debug_line</name>
         <load_address>0x608</load_address>
         <run_address>0x608</run_address>
         <size>0x259</size>
         <input_file_ref idref="fl-17"/>
      </object_component>
      <object_component id="oc-1be">
         <name>.debug_line</name>
         <load_address>0x861</load_address>
         <run_address>0x861</run_address>
         <size>0xb7</size>
         <input_file_ref idref="fl-17"/>
      </object_component>
      <object_component id="oc-1e2">
         <name>.debug_line</name>
         <load_address>0x918</load_address>
         <run_address>0x918</run_address>
         <size>0x6a4</size>
         <input_file_ref idref="fl-1d"/>
      </object_component>
      <object_component id="oc-24f">
         <name>.debug_line</name>
         <load_address>0xfbc</load_address>
         <run_address>0xfbc</run_address>
         <size>0x9d</size>
         <input_file_ref idref="fl-1d"/>
      </object_component>
      <object_component id="oc-bb">
         <name>.debug_line</name>
         <load_address>0x1059</load_address>
         <run_address>0x1059</run_address>
         <size>0x5e</size>
         <input_file_ref idref="fl-23"/>
      </object_component>
      <object_component id="oc-11a">
         <name>.debug_line</name>
         <load_address>0x10b7</load_address>
         <run_address>0x10b7</run_address>
         <size>0x66</size>
         <input_file_ref idref="fl-23"/>
      </object_component>
      <object_component id="oc-c0">
         <name>.debug_line</name>
         <load_address>0x111d</load_address>
         <run_address>0x111d</run_address>
         <size>0xcf0</size>
         <input_file_ref idref="fl-26"/>
      </object_component>
      <object_component id="oc-1c2">
         <name>.debug_line</name>
         <load_address>0x1e0d</load_address>
         <run_address>0x1e0d</run_address>
         <size>0x21</size>
         <input_file_ref idref="fl-26"/>
      </object_component>
      <object_component id="oc-11f">
         <name>.debug_line</name>
         <load_address>0x1e2e</load_address>
         <run_address>0x1e2e</run_address>
         <size>0x56</size>
         <input_file_ref idref="fl-33"/>
      </object_component>
      <object_component id="oc-1c5">
         <name>.debug_line</name>
         <load_address>0x1e84</load_address>
         <run_address>0x1e84</run_address>
         <size>0xb1</size>
         <input_file_ref idref="fl-33"/>
      </object_component>
      <object_component id="oc-231">
         <name>.debug_line</name>
         <load_address>0x1f35</load_address>
         <run_address>0x1f35</run_address>
         <size>0x40</size>
         <input_file_ref idref="fl-3e"/>
      </object_component>
      <object_component id="oc-14b">
         <name>.debug_line</name>
         <load_address>0x1f75</load_address>
         <run_address>0x1f75</run_address>
         <size>0x3f4</size>
         <input_file_ref idref="fl-3e"/>
      </object_component>
      <object_component id="oc-233">
         <name>.debug_line</name>
         <load_address>0x2369</load_address>
         <run_address>0x2369</run_address>
         <size>0x99</size>
         <input_file_ref idref="fl-3e"/>
      </object_component>
      <object_component id="oc-1c8">
         <name>.debug_line</name>
         <load_address>0x2402</load_address>
         <run_address>0x2402</run_address>
         <size>0x35</size>
         <input_file_ref idref="fl-40"/>
      </object_component>
      <object_component id="oc-1ca">
         <name>.debug_line</name>
         <load_address>0x2437</load_address>
         <run_address>0x2437</run_address>
         <size>0x35</size>
         <input_file_ref idref="fl-40"/>
      </object_component>
      <object_component id="oc-1cc">
         <name>.debug_line</name>
         <load_address>0x246c</load_address>
         <run_address>0x246c</run_address>
         <size>0x35</size>
         <input_file_ref idref="fl-40"/>
      </object_component>
      <object_component id="oc-1d0">
         <name>.debug_line</name>
         <load_address>0x24a1</load_address>
         <run_address>0x24a1</run_address>
         <size>0x35</size>
         <input_file_ref idref="fl-40"/>
      </object_component>
      <object_component id="oc-c8">
         <name>.debug_line</name>
         <load_address>0x24d6</load_address>
         <run_address>0x24d6</run_address>
         <size>0x38c</size>
         <input_file_ref idref="fl-40"/>
      </object_component>
      <object_component id="oc-cc">
         <name>.debug_line</name>
         <load_address>0x2862</load_address>
         <run_address>0x2862</run_address>
         <size>0x83</size>
         <input_file_ref idref="fl-40"/>
      </object_component>
      <object_component id="oc-1d2">
         <name>.debug_line</name>
         <load_address>0x28e5</load_address>
         <run_address>0x28e5</run_address>
         <size>0x128</size>
         <input_file_ref idref="fl-40"/>
      </object_component>
      <object_component id="oc-1d7">
         <name>.debug_line</name>
         <load_address>0x2a0d</load_address>
         <run_address>0x2a0d</run_address>
         <size>0x35</size>
         <input_file_ref idref="fl-41"/>
      </object_component>
      <object_component id="oc-1d9">
         <name>.debug_line</name>
         <load_address>0x2a42</load_address>
         <run_address>0x2a42</run_address>
         <size>0x35</size>
         <input_file_ref idref="fl-41"/>
      </object_component>
      <object_component id="oc-13b">
         <name>.debug_line</name>
         <load_address>0x2a77</load_address>
         <run_address>0x2a77</run_address>
         <size>0x340</size>
         <input_file_ref idref="fl-41"/>
      </object_component>
      <object_component id="oc-d6">
         <name>.debug_line</name>
         <load_address>0x2db7</load_address>
         <run_address>0x2db7</run_address>
         <size>0x5f</size>
         <input_file_ref idref="fl-41"/>
      </object_component>
      <object_component id="oc-1db">
         <name>.debug_line</name>
         <load_address>0x2e16</load_address>
         <run_address>0x2e16</run_address>
         <size>0xb0</size>
         <input_file_ref idref="fl-41"/>
      </object_component>
      <object_component id="oc-239">
         <name>.debug_line</name>
         <load_address>0x2ec6</load_address>
         <run_address>0x2ec6</run_address>
         <size>0x35</size>
         <input_file_ref idref="fl-42"/>
      </object_component>
      <object_component id="oc-157">
         <name>.debug_line</name>
         <load_address>0x2efb</load_address>
         <run_address>0x2efb</run_address>
         <size>0x3bf</size>
         <input_file_ref idref="fl-42"/>
      </object_component>
      <object_component id="oc-23b">
         <name>.debug_line</name>
         <load_address>0x32ba</load_address>
         <run_address>0x32ba</run_address>
         <size>0x86</size>
         <input_file_ref idref="fl-42"/>
      </object_component>
      <object_component id="oc-155">
         <name>.debug_line</name>
         <load_address>0x3340</load_address>
         <run_address>0x3340</run_address>
         <size>0xca</size>
         <input_file_ref idref="fl-43"/>
      </object_component>
      <object_component id="oc-236">
         <name>.debug_line</name>
         <load_address>0x340a</load_address>
         <run_address>0x340a</run_address>
         <size>0x5c</size>
         <input_file_ref idref="fl-43"/>
      </object_component>
      <object_component id="oc-1f0">
         <name>.debug_line</name>
         <load_address>0x3466</load_address>
         <run_address>0x3466</run_address>
         <size>0x35</size>
         <input_file_ref idref="fl-45"/>
      </object_component>
      <object_component id="oc-1f5">
         <name>.debug_line</name>
         <load_address>0x349b</load_address>
         <run_address>0x349b</run_address>
         <size>0x35</size>
         <input_file_ref idref="fl-45"/>
      </object_component>
      <object_component id="oc-dc">
         <name>.debug_line</name>
         <load_address>0x34d0</load_address>
         <run_address>0x34d0</run_address>
         <size>0x18f</size>
         <input_file_ref idref="fl-45"/>
      </object_component>
      <object_component id="oc-e0">
         <name>.debug_line</name>
         <load_address>0x365f</load_address>
         <run_address>0x365f</run_address>
         <size>0xac</size>
         <input_file_ref idref="fl-45"/>
      </object_component>
      <object_component id="oc-1f2">
         <name>.debug_line</name>
         <load_address>0x370b</load_address>
         <run_address>0x370b</run_address>
         <size>0x117</size>
         <input_file_ref idref="fl-45"/>
      </object_component>
      <object_component id="oc-a1">
         <name>.debug_line</name>
         <load_address>0x3822</load_address>
         <run_address>0x3822</run_address>
         <size>0x4f</size>
         <input_file_ref idref="fl-4b"/>
      </object_component>
      <object_component id="oc-fe">
         <name>.debug_line</name>
         <load_address>0x3871</load_address>
         <run_address>0x3871</run_address>
         <size>0x3f</size>
         <input_file_ref idref="fl-4e"/>
      </object_component>
      <object_component id="oc-1ff">
         <name>.debug_line</name>
         <load_address>0x38b0</load_address>
         <run_address>0x38b0</run_address>
         <size>0x21</size>
         <input_file_ref idref="fl-4e"/>
      </object_component>
      <object_component id="oc-17c">
         <name>.debug_line</name>
         <load_address>0x38d1</load_address>
         <run_address>0x38d1</run_address>
         <size>0x74</size>
         <input_file_ref idref="fl-4f"/>
      </object_component>
      <object_component id="oc-243">
         <name>.debug_line</name>
         <load_address>0x3945</load_address>
         <run_address>0x3945</run_address>
         <size>0x21</size>
         <input_file_ref idref="fl-4f"/>
      </object_component>
      <object_component id="oc-f2">
         <name>.debug_line</name>
         <load_address>0x3966</load_address>
         <run_address>0x3966</run_address>
         <size>0x4d</size>
         <input_file_ref idref="fl-50"/>
      </object_component>
      <object_component id="oc-1fa">
         <name>.debug_line</name>
         <load_address>0x39b3</load_address>
         <run_address>0x39b3</run_address>
         <size>0x21</size>
         <input_file_ref idref="fl-50"/>
      </object_component>
      <object_component id="oc-9e">
         <name>.debug_line</name>
         <load_address>0x39d4</load_address>
         <run_address>0x39d4</run_address>
         <size>0x57</size>
         <input_file_ref idref="fl-51"/>
      </object_component>
      <object_component id="oc-16b">
         <name>.debug_line</name>
         <load_address>0x3a2b</load_address>
         <run_address>0x3a2b</run_address>
         <size>0x21</size>
         <input_file_ref idref="fl-51"/>
      </object_component>
      <object_component id="oc-97">
         <name>.debug_line</name>
         <load_address>0x3a4c</load_address>
         <run_address>0x3a4c</run_address>
         <size>0x95</size>
         <input_file_ref idref="fl-52"/>
      </object_component>
      <object_component id="oc-166">
         <name>.debug_line</name>
         <load_address>0x3ae1</load_address>
         <run_address>0x3ae1</run_address>
         <size>0x21</size>
         <input_file_ref idref="fl-52"/>
      </object_component>
      <object_component id="oc-21a">
         <name>.debug_line</name>
         <load_address>0x3b02</load_address>
         <run_address>0x3b02</run_address>
         <size>0x2b</size>
         <input_file_ref idref="fl-53"/>
      </object_component>
      <object_component id="oc-10b">
         <name>.debug_line</name>
         <load_address>0x3b2d</load_address>
         <run_address>0x3b2d</run_address>
         <size>0x66</size>
         <input_file_ref idref="fl-53"/>
      </object_component>
      <object_component id="oc-225">
         <name>.debug_line</name>
         <load_address>0x3b93</load_address>
         <run_address>0x3b93</run_address>
         <size>0x21</size>
         <input_file_ref idref="fl-53"/>
      </object_component>
      <object_component id="oc-222">
         <name>.debug_line</name>
         <load_address>0x3bb4</load_address>
         <run_address>0x3bb4</run_address>
         <size>0x2c</size>
         <input_file_ref idref="fl-54"/>
      </object_component>
      <object_component id="oc-258">
         <name>.debug_line</name>
         <load_address>0x3be0</load_address>
         <run_address>0x3be0</run_address>
         <size>0x2c</size>
         <input_file_ref idref="fl-54"/>
      </object_component>
      <object_component id="oc-21c">
         <name>.debug_line</name>
         <load_address>0x3c0c</load_address>
         <run_address>0x3c0c</run_address>
         <size>0x5f</size>
         <input_file_ref idref="fl-54"/>
      </object_component>
      <object_component id="oc-24c">
         <name>.debug_line</name>
         <load_address>0x3c6b</load_address>
         <run_address>0x3c6b</run_address>
         <size>0x21</size>
         <input_file_ref idref="fl-54"/>
      </object_component>
      <object_component id="oc-105">
         <name>.debug_line</name>
         <load_address>0x3c8c</load_address>
         <run_address>0x3c8c</run_address>
         <size>0x4e</size>
         <input_file_ref idref="fl-55"/>
      </object_component>
      <object_component id="oc-217">
         <name>.debug_line</name>
         <load_address>0x3cda</load_address>
         <run_address>0x3cda</run_address>
         <size>0x30</size>
         <input_file_ref idref="fl-55"/>
      </object_component>
      <object_component id="oc-eb">
         <name>.debug_line</name>
         <load_address>0x3d0a</load_address>
         <run_address>0x3d0a</run_address>
         <size>0x63</size>
         <input_file_ref idref="fl-58"/>
      </object_component>
      <object_component id="oc-1f7">
         <name>.debug_line</name>
         <load_address>0x3d6d</load_address>
         <run_address>0x3d6d</run_address>
         <size>0x21</size>
         <input_file_ref idref="fl-58"/>
      </object_component>
      <object_component id="oc-205">
         <name>.debug_line</name>
         <load_address>0x3d8e</load_address>
         <run_address>0x3d8e</run_address>
         <size>0x3b</size>
         <input_file_ref idref="fl-59"/>
      </object_component>
      <object_component id="oc-252">
         <name>.debug_line</name>
         <load_address>0x3dc9</load_address>
         <run_address>0x3dc9</run_address>
         <size>0x21</size>
         <input_file_ref idref="fl-59"/>
      </object_component>
      <object_component id="oc-13e">
         <name>.debug_line</name>
         <load_address>0x3dea</load_address>
         <run_address>0x3dea</run_address>
         <size>0xae</size>
         <input_file_ref idref="fl-68"/>
      </object_component>
      <object_component id="oc-12d">
         <name>.debug_frame</name>
         <load_address>0x0</load_address>
         <run_address>0x0</run_address>
         <size>0x178</size>
         <input_file_ref idref="fl-13"/>
      </object_component>
      <object_component id="oc-ae">
         <name>.debug_frame</name>
         <load_address>0x178</load_address>
         <run_address>0x178</run_address>
         <size>0xe0</size>
         <input_file_ref idref="fl-16"/>
      </object_component>
      <object_component id="oc-b6">
         <name>.debug_frame</name>
         <load_address>0x258</load_address>
         <run_address>0x258</run_address>
         <size>0x8c</size>
         <input_file_ref idref="fl-16"/>
      </object_component>
      <object_component id="oc-b2">
         <name>.debug_frame</name>
         <load_address>0x2e4</load_address>
         <run_address>0x2e4</run_address>
         <size>0x140</size>
         <input_file_ref idref="fl-17"/>
      </object_component>
      <object_component id="oc-1de">
         <name>.debug_frame</name>
         <load_address>0x424</load_address>
         <run_address>0x424</run_address>
         <size>0x258</size>
         <input_file_ref idref="fl-1d"/>
      </object_component>
      <object_component id="oc-c1">
         <name>.debug_frame</name>
         <load_address>0x67c</load_address>
         <run_address>0x67c</run_address>
         <size>0x11d0</size>
         <input_file_ref idref="fl-26"/>
      </object_component>
      <object_component id="oc-14f">
         <name>.debug_frame</name>
         <load_address>0x184c</load_address>
         <run_address>0x184c</run_address>
         <size>0x230</size>
         <input_file_ref idref="fl-3e"/>
      </object_component>
      <object_component id="oc-cb">
         <name>.debug_frame</name>
         <load_address>0x1a7c</load_address>
         <run_address>0x1a7c</run_address>
         <size>0x200</size>
         <input_file_ref idref="fl-40"/>
      </object_component>
      <object_component id="oc-cd">
         <name>.debug_frame</name>
         <load_address>0x1c7c</load_address>
         <run_address>0x1c7c</run_address>
         <size>0x1b4</size>
         <input_file_ref idref="fl-40"/>
      </object_component>
      <object_component id="oc-13c">
         <name>.debug_frame</name>
         <load_address>0x1e30</load_address>
         <run_address>0x1e30</run_address>
         <size>0x238</size>
         <input_file_ref idref="fl-41"/>
      </object_component>
      <object_component id="oc-d2">
         <name>.debug_frame</name>
         <load_address>0x2068</load_address>
         <run_address>0x2068</run_address>
         <size>0xb4</size>
         <input_file_ref idref="fl-41"/>
      </object_component>
      <object_component id="oc-15b">
         <name>.debug_frame</name>
         <load_address>0x211c</load_address>
         <run_address>0x211c</run_address>
         <size>0x2e0</size>
         <input_file_ref idref="fl-42"/>
      </object_component>
      <object_component id="oc-154">
         <name>.debug_frame</name>
         <load_address>0x23fc</load_address>
         <run_address>0x23fc</run_address>
         <size>0x60</size>
         <input_file_ref idref="fl-43"/>
      </object_component>
      <object_component id="oc-db">
         <name>.debug_frame</name>
         <load_address>0x245c</load_address>
         <run_address>0x245c</run_address>
         <size>0xb0</size>
         <input_file_ref idref="fl-45"/>
      </object_component>
      <object_component id="oc-de">
         <name>.debug_frame</name>
         <load_address>0x250c</load_address>
         <run_address>0x250c</run_address>
         <size>0xb4</size>
         <input_file_ref idref="fl-45"/>
      </object_component>
      <object_component id="oc-ff">
         <name>.debug_frame</name>
         <load_address>0x25c0</load_address>
         <run_address>0x25c0</run_address>
         <size>0x40</size>
         <input_file_ref idref="fl-4e"/>
      </object_component>
      <object_component id="oc-17d">
         <name>.debug_frame</name>
         <load_address>0x2600</load_address>
         <run_address>0x2600</run_address>
         <size>0x58</size>
         <input_file_ref idref="fl-4f"/>
      </object_component>
      <object_component id="oc-f3">
         <name>.debug_frame</name>
         <load_address>0x2658</load_address>
         <run_address>0x2658</run_address>
         <size>0x40</size>
         <input_file_ref idref="fl-50"/>
      </object_component>
      <object_component id="oc-9d">
         <name>.debug_frame</name>
         <load_address>0x2698</load_address>
         <run_address>0x2698</run_address>
         <size>0x40</size>
         <input_file_ref idref="fl-51"/>
      </object_component>
      <object_component id="oc-98">
         <name>.debug_frame</name>
         <load_address>0x26d8</load_address>
         <run_address>0x26d8</run_address>
         <size>0x48</size>
         <input_file_ref idref="fl-52"/>
      </object_component>
      <object_component id="oc-10c">
         <name>.debug_frame</name>
         <load_address>0x2720</load_address>
         <run_address>0x2720</run_address>
         <size>0x60</size>
         <input_file_ref idref="fl-53"/>
      </object_component>
      <object_component id="oc-220">
         <name>.debug_frame</name>
         <load_address>0x2780</load_address>
         <run_address>0x2780</run_address>
         <size>0x70</size>
         <input_file_ref idref="fl-54"/>
      </object_component>
      <object_component id="oc-106">
         <name>.debug_frame</name>
         <load_address>0x27f0</load_address>
         <run_address>0x27f0</run_address>
         <size>0x40</size>
         <input_file_ref idref="fl-55"/>
      </object_component>
      <object_component id="oc-e7">
         <name>.debug_frame</name>
         <load_address>0x2830</load_address>
         <run_address>0x2830</run_address>
         <size>0x40</size>
         <input_file_ref idref="fl-58"/>
      </object_component>
      <object_component id="oc-206">
         <name>.debug_frame</name>
         <load_address>0x2870</load_address>
         <run_address>0x2870</run_address>
         <size>0x40</size>
         <input_file_ref idref="fl-59"/>
      </object_component>
      <object_component id="oc-1cd">
         <name>.debug_abbrev</name>
         <load_address>0x0</load_address>
         <run_address>0x0</run_address>
         <size>0x11d</size>
         <input_file_ref idref="fl-13"/>
      </object_component>
      <object_component id="oc-22b">
         <name>.debug_abbrev</name>
         <load_address>0x11d</load_address>
         <run_address>0x11d</run_address>
         <size>0x62</size>
         <input_file_ref idref="fl-13"/>
      </object_component>
      <object_component id="oc-110">
         <name>.debug_abbrev</name>
         <load_address>0x17f</load_address>
         <run_address>0x17f</run_address>
         <size>0xd1</size>
         <input_file_ref idref="fl-16"/>
      </object_component>
      <object_component id="oc-10e">
         <name>.debug_abbrev</name>
         <load_address>0x250</load_address>
         <run_address>0x250</run_address>
         <size>0x6c</size>
         <input_file_ref idref="fl-16"/>
      </object_component>
      <object_component id="oc-1b2">
         <name>.debug_abbrev</name>
         <load_address>0x2bc</load_address>
         <run_address>0x2bc</run_address>
         <size>0x2b</size>
         <input_file_ref idref="fl-16"/>
      </object_component>
      <object_component id="oc-1bb">
         <name>.debug_abbrev</name>
         <load_address>0x2e7</load_address>
         <run_address>0x2e7</run_address>
         <size>0x28</size>
         <input_file_ref idref="fl-17"/>
      </object_component>
      <object_component id="oc-227">
         <name>.debug_abbrev</name>
         <load_address>0x30f</load_address>
         <run_address>0x30f</run_address>
         <size>0x28</size>
         <input_file_ref idref="fl-17"/>
      </object_component>
      <object_component id="oc-229">
         <name>.debug_abbrev</name>
         <load_address>0x337</load_address>
         <run_address>0x337</run_address>
         <size>0x28</size>
         <input_file_ref idref="fl-17"/>
      </object_component>
      <object_component id="oc-114">
         <name>.debug_abbrev</name>
         <load_address>0x35f</load_address>
         <run_address>0x35f</run_address>
         <size>0x13c</size>
         <input_file_ref idref="fl-17"/>
      </object_component>
      <object_component id="oc-1bd">
         <name>.debug_abbrev</name>
         <load_address>0x49b</load_address>
         <run_address>0x49b</run_address>
         <size>0xf5</size>
         <input_file_ref idref="fl-17"/>
      </object_component>
      <object_component id="oc-22e">
         <name>.debug_abbrev</name>
         <load_address>0x590</load_address>
         <run_address>0x590</run_address>
         <size>0x15f</size>
         <input_file_ref idref="fl-1d"/>
      </object_component>
      <object_component id="oc-24e">
         <name>.debug_abbrev</name>
         <load_address>0x6ef</load_address>
         <run_address>0x6ef</run_address>
         <size>0x76</size>
         <input_file_ref idref="fl-1d"/>
      </object_component>
      <object_component id="oc-11b">
         <name>.debug_abbrev</name>
         <load_address>0x765</load_address>
         <run_address>0x765</run_address>
         <size>0x25</size>
         <input_file_ref idref="fl-23"/>
      </object_component>
      <object_component id="oc-1c0">
         <name>.debug_abbrev</name>
         <load_address>0x78a</load_address>
         <run_address>0x78a</run_address>
         <size>0x25</size>
         <input_file_ref idref="fl-23"/>
      </object_component>
      <object_component id="oc-11c">
         <name>.debug_abbrev</name>
         <load_address>0x7af</load_address>
         <run_address>0x7af</run_address>
         <size>0x91</size>
         <input_file_ref idref="fl-26"/>
      </object_component>
      <object_component id="oc-1c1">
         <name>.debug_abbrev</name>
         <load_address>0x840</load_address>
         <run_address>0x840</run_address>
         <size>0x1c</size>
         <input_file_ref idref="fl-26"/>
      </object_component>
      <object_component id="oc-11e">
         <name>.debug_abbrev</name>
         <load_address>0x85c</load_address>
         <run_address>0x85c</run_address>
         <size>0x28</size>
         <input_file_ref idref="fl-33"/>
      </object_component>
      <object_component id="oc-1c4">
         <name>.debug_abbrev</name>
         <load_address>0x884</load_address>
         <run_address>0x884</run_address>
         <size>0xa7</size>
         <input_file_ref idref="fl-33"/>
      </object_component>
      <object_component id="oc-230">
         <name>.debug_abbrev</name>
         <load_address>0x92b</load_address>
         <run_address>0x92b</run_address>
         <size>0x28</size>
         <input_file_ref idref="fl-3e"/>
      </object_component>
      <object_component id="oc-1e6">
         <name>.debug_abbrev</name>
         <load_address>0x953</load_address>
         <run_address>0x953</run_address>
         <size>0x103</size>
         <input_file_ref idref="fl-3e"/>
      </object_component>
      <object_component id="oc-232">
         <name>.debug_abbrev</name>
         <load_address>0xa56</load_address>
         <run_address>0xa56</run_address>
         <size>0xa5</size>
         <input_file_ref idref="fl-3e"/>
      </object_component>
      <object_component id="oc-1c7">
         <name>.debug_abbrev</name>
         <load_address>0xafb</load_address>
         <run_address>0xafb</run_address>
         <size>0x28</size>
         <input_file_ref idref="fl-40"/>
      </object_component>
      <object_component id="oc-1c9">
         <name>.debug_abbrev</name>
         <load_address>0xb23</load_address>
         <run_address>0xb23</run_address>
         <size>0x28</size>
         <input_file_ref idref="fl-40"/>
      </object_component>
      <object_component id="oc-1cb">
         <name>.debug_abbrev</name>
         <load_address>0xb4b</load_address>
         <run_address>0xb4b</run_address>
         <size>0x28</size>
         <input_file_ref idref="fl-40"/>
      </object_component>
      <object_component id="oc-1cf">
         <name>.debug_abbrev</name>
         <load_address>0xb73</load_address>
         <run_address>0xb73</run_address>
         <size>0x28</size>
         <input_file_ref idref="fl-40"/>
      </object_component>
      <object_component id="oc-134">
         <name>.debug_abbrev</name>
         <load_address>0xb9b</load_address>
         <run_address>0xb9b</run_address>
         <size>0x120</size>
         <input_file_ref idref="fl-40"/>
      </object_component>
      <object_component id="oc-136">
         <name>.debug_abbrev</name>
         <load_address>0xcbb</load_address>
         <run_address>0xcbb</run_address>
         <size>0x57</size>
         <input_file_ref idref="fl-40"/>
      </object_component>
      <object_component id="oc-1d1">
         <name>.debug_abbrev</name>
         <load_address>0xd12</load_address>
         <run_address>0xd12</run_address>
         <size>0xbc</size>
         <input_file_ref idref="fl-40"/>
      </object_component>
      <object_component id="oc-1d6">
         <name>.debug_abbrev</name>
         <load_address>0xdce</load_address>
         <run_address>0xdce</run_address>
         <size>0x28</size>
         <input_file_ref idref="fl-41"/>
      </object_component>
      <object_component id="oc-1d8">
         <name>.debug_abbrev</name>
         <load_address>0xdf6</load_address>
         <run_address>0xdf6</run_address>
         <size>0x28</size>
         <input_file_ref idref="fl-41"/>
      </object_component>
      <object_component id="oc-1d4">
         <name>.debug_abbrev</name>
         <load_address>0xe1e</load_address>
         <run_address>0xe1e</run_address>
         <size>0xae</size>
         <input_file_ref idref="fl-41"/>
      </object_component>
      <object_component id="oc-148">
         <name>.debug_abbrev</name>
[...]
         <value>0x8046</value>
         <object_component_ref idref="oc-bc"/>
      </symbol>
      <symbol id="sm-2f6">
         <name>CLA1_3_ISR</name>
         <value>0x8398</value>
         <object_component_ref idref="oc-bc"/>
      </symbol>
      <symbol id="sm-2f7">
         <name>I2CA_ISR</name>
         <value>0x8294</value>
         <object_component_ref idref="oc-bc"/>
      </symbol>
      <symbol id="sm-2f8">
         <name>CANA0_ISR</name>
         <value>0x830c</value>
         <object_component_ref idref="oc-bc"/>
      </symbol>
      <symbol id="sm-2f9">
         <name>CANB0_ISR</name>
         <value>0x8320</value>
         <object_component_ref idref="oc-bc"/>
      </symbol>
      <symbol id="sm-2fa">
         <name>EPWM1_TZ_ISR</name>
         <value>0x810e</value>
         <object_component_ref idref="oc-bc"/>
      </symbol>
      <symbol id="sm-2fb">
         <name>I2CA_FIFO_ISR</name>
         <value>0x829e</value>
         <object_component_ref idref="oc-bc"/>
      </symbol>
      <symbol id="sm-2fc">
         <name>EPWM2_ISR</name>
         <value>0x8168</value>
         <object_component_ref idref="oc-bc"/>
      </symbol>
      <symbol id="sm-2fd">
         <name>USBA_ISR</name>
         <value>0x84ba</value>
         <object_component_ref idref="oc-bc"/>
      </symbol>
      <symbol id="sm-2fe">
         <name>IPC1_ISR</name>
         <value>0x841a</value>
         <object_component_ref idref="oc-bc"/>
      </symbol>
      <symbol id="sm-2ff">
         <name>RAM_CORRECTABLE_ERROR_ISR</name>
         <value>0x851e</value>
         <object_component_ref idref="oc-bc"/>
      </symbol>
      <symbol id="sm-300">
         <name>ADCD_EVT_ISR</name>
         <value>0x84ec</value>
         <object_component_ref idref="oc-bc"/>
      </symbol>
      <symbol id="sm-301">
         <name>DMA_CH3_ISR</name>
         <value>0x826c</value>
         <object_component_ref idref="oc-bc"/>
      </symbol>
      <symbol id="sm-302">
         <name>ADCC_EVT_ISR</name>
         <value>0x84c4</value>
         <object_component_ref idref="oc-bc"/>
      </symbol>
      <symbol id="sm-303">
         <name>EPWM11_ISR</name>
         <value>0x8474</value>
         <object_component_ref idref="oc-bc"/>
      </symbol>
      <symbol id="sm-304">
         <name>DATALOG_ISR</name>
         <value>0x8014</value>
         <object_component_ref idref="oc-bc"/>
      </symbol>
      <symbol id="sm-305">
         <name>XINT2_ISR</name>
         <value>0x80e6</value>
         <object_component_ref idref="oc-bc"/>
      </symbol>
      <symbol id="sm-306">
         <name>PIE_RESERVED_ISR</name>
         <value>0x8564</value>
         <object_component_ref idref="oc-bc"/>
      </symbol>
      <symbol id="sm-307">
         <name>SCIB_RX_ISR</name>
         <value>0x82f8</value>
         <object_component_ref idref="oc-bc"/>
      </symbol>
      <symbol id="sm-308">
         <name>SCIB_TX_ISR</name>
         <value>0x8302</value>
         <object_component_ref idref="oc-bc"/>
      </symbol>
      <symbol id="sm-309">
         <name>I2CB_ISR</name>
         <value>0x82a8</value>
         <object_component_ref idref="oc-bc"/>
      </symbol>
      <symbol id="sm-30a">
         <name>CANA1_ISR</name>
         <value>0x8316</value>
         <object_component_ref idref="oc-bc"/>
      </symbol>
      <symbol id="sm-30b">
         <name>SPIC_RX_ISR</name>
         <value>0x849c</value>
         <object_component_ref idref="oc-bc"/>
      </symbol>
      <symbol id="sm-30c">
         <name>CANB1_ISR</name>
         <value>0x832a</value>
         <object_component_ref idref="oc-bc"/>
      </symbol>
      <symbol id="sm-30d">
         <name>SPIC_TX_ISR</name>
         <value>0x84a6</value>
         <object_component_ref idref="oc-bc"/>
      </symbol>
      <symbol id="sm-30e">
         <name>EPWM12_TZ_ISR</name>
         <value>0x8456</value>
         <object_component_ref idref="oc-bc"/>
      </symbol>
      <symbol id="sm-30f">
         <name>ILLEGAL_ISR</name>
         <value>0x803c</value>
         <object_component_ref idref="oc-bc"/>
      </symbol>
      <symbol id="sm-310">
         <name>EPWM3_ISR</name>
         <value>0x8172</value>
         <object_component_ref idref="oc-bc"/>
      </symbol>
      <symbol id="sm-311">
         <name>IPC2_ISR</name>
         <value>0x8424</value>
         <object_component_ref idref="oc-bc"/>
      </symbol>
      <symbol id="sm-312">
         <name>TIMER0_ISR</name>
         <value>0x80fa</value>
         <object_component_ref idref="oc-bc"/>
      </symbol>
      <symbol id="sm-313">
         <name>EPWM10_ISR</name>
         <value>0x846a</value>
         <object_component_ref idref="oc-bc"/>
      </symbol>
      <symbol id="sm-314">
         <name>USER3_ISR</name>
         <value>0x805a</value>
         <object_component_ref idref="oc-bc"/>
      </symbol>
      <symbol id="sm-32b">
         <name>PieVectTableInit</name>
         <value>0xa800</value>
         <object_component_ref idref="oc-c2"/>
      </symbol>
      <symbol id="sm-363">
         <name>Device_enableAllPeripherals</name>
         <value>0x88cc</value>
         <object_component_ref idref="oc-14a"/>
      </symbol>
      <symbol id="sm-364">
         <name>Device_initGPIO</name>
         <value>0x89b7</value>
         <object_component_ref idref="oc-14a"/>
      </symbol>
      <symbol id="sm-365">
         <name>Example_Fail</name>
         <value>0xaaae</value>
         <object_component_ref idref="oc-1e3"/>
      </symbol>
      <symbol id="sm-366">
         <name>Example_setResultFail</name>
         <value>0x8bd5</value>
         <object_component_ref idref="oc-14a"/>
      </symbol>
      <symbol id="sm-367">
         <name>Device_bootCPU2</name>
         <value>0x8a4f</value>
         <object_component_ref idref="oc-14a"/>
      </symbol>
      <symbol id="sm-368">
         <name>Device_init</name>
         <value>0x88ae</value>
         <object_component_ref idref="oc-14a"/>
      </symbol>
      <symbol id="sm-369">
         <name>Example_Result</name>
         <value>0xaaaa</value>
         <object_component_ref idref="oc-1e3"/>
      </symbol>
      <symbol id="sm-36a">
         <name>Device_enableUnbondedGPIOPullups</name>
         <value>0x8a08</value>
         <object_component_ref idref="oc-14a"/>
      </symbol>
      <symbol id="sm-36b">
         <name>__error__</name>
         <value>0x8bc9</value>
         <object_component_ref idref="oc-14a"/>
      </symbol>
      <symbol id="sm-36c">
         <name>Example_setResultPass</name>
         <value>0x8bd0</value>
         <object_component_ref idref="oc-14a"/>
      </symbol>
      <symbol id="sm-36d">
         <name>Device_configureTMXAnalogTrim</name>
         <value>0x8a1e</value>
         <object_component_ref idref="oc-14a"/>
      </symbol>
      <symbol id="sm-36e">
         <name>Device_enableUnbondedGPIOPullupsFor176Pin</name>
         <value>0x89d8</value>
         <object_component_ref idref="oc-14a"/>
      </symbol>
      <symbol id="sm-36f">
         <name>Example_done</name>
         <value>0x8bda</value>
         <object_component_ref idref="oc-14a"/>
      </symbol>
      <symbol id="sm-370">
         <name>Example_PassCount</name>
         <value>0xaaac</value>
         <object_component_ref idref="oc-1e3"/>
      </symbol>
      <symbol id="sm-371">
         <name>Device_enableUnbondedGPIOPullupsFor100Pin</name>
         <value>0x89eb</value>
         <object_component_ref idref="oc-14a"/>
      </symbol>
      <symbol id="sm-3c0">
         <name>BLDC_hallChangeHandler1_commutation</name>
         <value>0xaaa1</value>
         <object_component_ref idref="oc-121"/>
      </symbol>
      <symbol id="sm-3c1">
         <name>BLDC_commutation</name>
         <value>0x8cda</value>
         <object_component_ref idref="oc-c6"/>
      </symbol>
      <symbol id="sm-3c2">
         <name>dutyCycle</name>
         <value>0xaaa6</value>
         <object_component_ref idref="oc-121"/>
      </symbol>
      <symbol id="sm-3c3">
         <name>BLDC_stopMotor</name>
         <value>0x8e29</value>
         <object_component_ref idref="oc-c6"/>
      </symbol>
      <symbol id="sm-3c4">
         <name>Hall_Dir_Table</name>
         <value>0xaa04</value>
         <object_component_ref idref="oc-131"/>
      </symbol>
      <symbol id="sm-3c5">
         <name>currentDirection</name>
         <value>0xaa9c</value>
         <object_component_ref idref="oc-121"/>
      </symbol>
      <symbol id="sm-3c6">
         <name>BLDC_setPhaseAction</name>
         <value>0x8c99</value>
         <object_component_ref idref="oc-c6"/>
      </symbol>
      <symbol id="sm-3c7">
         <name>BLDC_startMotor</name>
         <value>0x8e44</value>
         <object_component_ref idref="oc-c6"/>
      </symbol>
      <symbol id="sm-3c8">
         <name>BLDC_initHallInterrupts</name>
         <value>0x8d28</value>
         <object_component_ref idref="oc-c6"/>
      </symbol>
      <symbol id="sm-3c9">
         <name>BLDC_setDuty</name>
         <value>0x8dea</value>
         <object_component_ref idref="oc-c6"/>
      </symbol>
      <symbol id="sm-3ca">
         <name>BLDC_startMotor1</name>
         <value>0xaa9f</value>
         <object_component_ref idref="oc-121"/>
      </symbol>
      <symbol id="sm-3cb">
         <name>BLDC_hallIsr1a</name>
         <value>0xaaa2</value>
         <object_component_ref idref="oc-121"/>
      </symbol>
      <symbol id="sm-3cc">
         <name>commutationTable_REV</name>
         <value>0xaa5c</value>
         <object_component_ref idref="oc-127"/>
      </symbol>
      <symbol id="sm-3cd">
         <name>BLDC_hallIsr2a</name>
         <value>0xaaa3</value>
         <object_component_ref idref="oc-121"/>
      </symbol>
      <symbol id="sm-3ce">
         <name>BLDC_hallIsr3a</name>
         <value>0xaaa4</value>
         <object_component_ref idref="oc-121"/>
      </symbol>
      <symbol id="sm-3cf">
         <name>BLDC_stopMotor1</name>
         <value>0xaaa0</value>
         <object_component_ref idref="oc-121"/>
      </symbol>
      <symbol id="sm-3d0">
         <name>g_HallPositionCnt</name>
         <value>0xaaa8</value>
         <object_component_ref idref="oc-121"/>
      </symbol>
      <symbol id="sm-3d1">
         <name>commutationTable_FWD</name>
         <value>0xaa44</value>
         <object_component_ref idref="oc-124"/>
      </symbol>
      <symbol id="sm-3d2">
         <name>BLDC_hallIsr1</name>
         <value>0x9644</value>
         <object_component_ref idref="oc-c5"/>
      </symbol>
      <symbol id="sm-3d3">
         <name>BLDC_hallIsr2</name>
         <value>0x9677</value>
         <object_component_ref idref="oc-c5"/>
      </symbol>
      <symbol id="sm-3d4">
         <name>BLDC_hallIsr3</name>
         <value>0x96aa</value>
         <object_component_ref idref="oc-c5"/>
      </symbol>
      <symbol id="sm-3d5">
         <name>motorEnabled</name>
         <value>0xaa9e</value>
         <object_component_ref idref="oc-121"/>
      </symbol>
      <symbol id="sm-3d6">
         <name>preHallState</name>
         <value>0xaaa5</value>
         <object_component_ref idref="oc-121"/>
      </symbol>
      <symbol id="sm-3d7">
         <name>hallState</name>
         <value>0xaa9d</value>
         <object_component_ref idref="oc-121"/>
      </symbol>
      <symbol id="sm-3d8">
         <name>BLDC_hallChangeHandler</name>
         <value>0x8e89</value>
         <object_component_ref idref="oc-c6"/>
      </symbol>
      <symbol id="sm-3d9">
         <name>BLDC_setDutySigned</name>
         <value>0x8d6e</value>
         <object_component_ref idref="oc-c6"/>
      </symbol>
      <symbol id="sm-411">
         <name>ecap1_dutyCycle</name>
         <value>0xaab8</value>
         <object_component_ref idref="oc-145"/>
      </symbol>
      <symbol id="sm-412">
         <name>ecap1ISR</name>
         <value>0x96de</value>
         <object_component_ref idref="oc-d1"/>
      </symbol>
      <symbol id="sm-413">
         <name>Speed</name>
         <value>0xaabc</value>
         <object_component_ref idref="oc-145"/>
      </symbol>
      <symbol id="sm-414">
         <name>ecap1_Fre_value</name>
         <value>0xaaba</value>
         <object_component_ref idref="oc-145"/>
      </symbol>
      <symbol id="sm-415">
         <name>initECAP1</name>
         <value>0x9521</value>
         <object_component_ref idref="oc-137"/>
      </symbol>
      <symbol id="sm-416">
         <name>cap1Count1</name>
         <value>0xaa74</value>
         <object_component_ref idref="oc-142"/>
      </symbol>
      <symbol id="sm-417">
         <name>cap1Count2</name>
         <value>0xaa76</value>
         <object_component_ref idref="oc-142"/>
      </symbol>
      <symbol id="sm-418">
         <name>cap1Count3</name>
         <value>0xaa78</value>
         <object_component_ref idref="oc-142"/>
      </symbol>
      <symbol id="sm-419">
         <name>cap1Count4</name>
         <value>0xaa7a</value>
         <object_component_ref idref="oc-142"/>
      </symbol>
      <symbol id="sm-455">
         <name>BLDC_initEPWM</name>
         <value>0x9268</value>
         <object_component_ref idref="oc-156"/>
      </symbol>
      <symbol id="sm-456">
         <name>i</name>
         <value>0xaab6</value>
         <object_component_ref idref="oc-1ea"/>
      </symbol>
      <symbol id="sm-457">
         <name>BLDC_initEPWM_Single</name>
         <value>0x9204</value>
         <object_component_ref idref="oc-156"/>
      </symbol>
      <symbol id="sm-467">
         <name>BLDC_initGPIO</name>
         <value>0x95a0</value>
         <object_component_ref idref="oc-150"/>
      </symbol>
      <symbol id="sm-499">
         <name>targetDuty</name>
         <value>0xaa86</value>
         <object_component_ref idref="oc-15c"/>
      </symbol>
      <symbol id="sm-49a">
         <name>pid_duty</name>
         <value>0xaabe</value>
         <object_component_ref idref="oc-161"/>
      </symbol>
      <symbol id="sm-49b">
         <name>Speed_Filtered</name>
         <value>0xaa9a</value>
         <object_component_ref idref="oc-15c"/>
      </symbol>
      <symbol id="sm-49c">
         <name>Ts</name>
         <value>0xaa98</value>
         <object_component_ref idref="oc-15c"/>
      </symbol>
      <symbol id="sm-49d">
         <name>Speed_ref</name>
         <value>0xaa92</value>
         <object_component_ref idref="oc-15c"/>
      </symbol>
      <symbol id="sm-49e">
         <name>epwm1ISRcount</name>
         <value>0xaa81</value>
         <object_component_ref idref="oc-15c"/>
      </symbol>
      <symbol id="sm-49f">
         <name>int_err_Speed</name>
         <value>0xaa96</value>
         <object_component_ref idref="oc-15c"/>
      </symbol>
      <symbol id="sm-4a0">
         <name>step</name>
         <value>0xaa88</value>
         <object_component_ref idref="oc-15c"/>
      </symbol>
      <symbol id="sm-4a1">
         <name>mainLoopCount</name>
         <value>0xaa84</value>
         <object_component_ref idref="oc-15c"/>
      </symbol>
      <symbol id="sm-4a2">
         <name>main</name>
         <value>0x978e</value>
         <object_component_ref idref="oc-d7"/>
      </symbol>
      <symbol id="sm-4a3">
         <name>epwm1ISR</name>
         <value>0x8ebc</value>
         <object_component_ref idref="oc-dd"/>
      </symbol>
      <symbol id="sm-4a4">
         <name>err_Speed</name>
         <value>0xaa94</value>
         <object_component_ref idref="oc-15c"/>
      </symbol>
      <symbol id="sm-4a5">
         <name>kp_pos</name>
         <value>0xaa8c</value>
         <object_component_ref idref="oc-15c"/>
      </symbol>
      <symbol id="sm-4a6">
         <name>ki_v</name>
         <value>0xaa90</value>
         <object_component_ref idref="oc-15c"/>
      </symbol>
      <symbol id="sm-4a7">
         <name>Target_Pos</name>
         <value>0xaa8a</value>
         <object_component_ref idref="oc-15c"/>
      </symbol>
      <symbol id="sm-4a8">
         <name>rampingUp</name>
         <value>0xaa80</value>
         <object_component_ref idref="oc-15c"/>
      </symbol>
      <symbol id="sm-4a9">
         <name>kp_v</name>
         <value>0xaa8e</value>
         <object_component_ref idref="oc-15c"/>
      </symbol>
      <symbol id="sm-4b3">
         <name>_c_int00</name>
         <value>0x8fdc</value>
         <object_component_ref idref="oc-a0"/>
      </symbol>
      <symbol id="sm-4b4">
         <name>__stack</name>
         <value>0x400</value>
         <object_component_ref idref="oc-e3"/>
      </symbol>
      <symbol id="sm-4c1">
         <name>_system_pre_init</name>
         <value>0xb7f9</value>
         <object_component_ref idref="oc-fa"/>
      </symbol>
      <symbol id="sm-4d0">
         <name>__TI_auto_init_nobinit_nopinit</name>
         <value>0x97d3</value>
         <object_component_ref idref="oc-178"/>
      </symbol>
      <symbol id="sm-4df">
         <name>__TI_zero_init_nomemset</name>
         <value>0x8ff3</value>
         <object_component_ref idref="oc-ee"/>
      </symbol>
      <symbol id="sm-4ec">
         <name>__TI_decompress_none</name>
         <value>0x9868</value>
         <object_component_ref idref="oc-99"/>
      </symbol>
      <symbol id="sm-500">
         <name>__TI_decompress_lzss</name>
         <value>0xb7ac</value>
         <object_component_ref idref="oc-93"/>
      </symbol>
      <symbol id="sm-516">
         <name>C$$EXIT</name>
         <value>0x982a</value>
         <object_component_ref idref="oc-107"/>
      </symbol>
      <symbol id="sm-517">
         <name>abort</name>
         <value>0x982a</value>
         <object_component_ref idref="oc-107"/>
      </symbol>
      <symbol id="sm-518">
         <name>exit</name>
         <value>0x982c</value>
         <object_component_ref idref="oc-107"/>
      </symbol>
      <symbol id="sm-519">
         <name>__TI_dtors_ptr</name>
         <value>0xaab4</value>
         <object_component_ref idref="oc-1aa"/>
      </symbol>
      <symbol id="sm-51a">
         <name>__TI_cleanup_ptr</name>
         <value>0xaab2</value>
         <object_component_ref idref="oc-1aa"/>
      </symbol>
      <symbol id="sm-51b">
         <name>__TI_enable_exit_profile_output</name>
         <value>0xaab0</value>
         <object_component_ref idref="oc-1aa"/>
      </symbol>
      <symbol id="sm-532">
         <name>_nop</name>
         <value>0x9867</value>
         <object_component_ref idref="oc-21b"/>
      </symbol>
      <symbol id="sm-533">
         <name>_lock</name>
         <value>0xaa7c</value>
         <object_component_ref idref="oc-1ad"/>
      </symbol>
      <symbol id="sm-534">
         <name>_unlock</name>
         <value>0xaa7e</value>
         <object_component_ref idref="oc-247"/>
      </symbol>
      <symbol id="sm-535">
         <name>_register_lock</name>
         <value>0x9863</value>
         <object_component_ref idref="oc-21b"/>
      </symbol>
      <symbol id="sm-536">
         <name>_register_unlock</name>
         <value>0x985f</value>
         <object_component_ref idref="oc-21b"/>
      </symbol>
      <symbol id="sm-545">
         <name>_args_main</name>
         <value>0x9853</value>
         <object_component_ref idref="oc-101"/>
      </symbol>
      <symbol id="sm-559">
         <name>memcpy</name>
         <value>0xb7dc</value>
         <object_component_ref idref="oc-e6"/>
      </symbol>
      <symbol id="sm-566">
         <name>_system_post_cinit</name>
         <value>0xb7fb</value>
         <object_component_ref idref="oc-201"/>
      </symbol>
      <symbol id="sm-576">
         <name>__c28xabi_divf</name>
         <value>0x8770</value>
         <object_component_ref idref="oc-13d"/>
      </symbol>
      <symbol id="sm-57d">
         <name>__c_args__</name>
         <value>0x0</value>
      </symbol>
   </symbol_table>
   <title>Link successful</title>
</link_info>
