******************************************************************************
             TMS320C2000 Linker PC v22.6.1                     
******************************************************************************
>> Linked Tue May  5 14:57:24 2026

OUTPUT FILE NAME:   <28379d-BLDC-2.out>
ENTRY POINT SYMBOL: "_c_int00"  address: 00008fdc


MEMORY CONFIGURATION

         name            origin    length      used     unused   attr    fill
----------------------  --------  ---------  --------  --------  ----  --------
PAGE 0:
  BEGIN                 00000000   00000002  00000002  00000000  RWIX
  RAMM0                 00000123   000002dd  00000040  0000029d  RWIX
  RAMLS0                00008000   00000800  00000800  00000000  RWIX
  RAMLS1                00008800   00000800  00000800  00000000  RWIX
  RAMLS2                00009000   00000800  000007fe  00000002  RWIX
  RAMLS3                00009800   00000800  00000070  00000790  RWIX
  RAMLS4                0000a000   00000800  00000000  00000800  RWIX
  RAMD0                 0000b000   00000800  000007fc  00000004  RWIX
  FLASHA                00080002   00001ffe  00000000  00001ffe  RWIX
  FLASHB                00082000   00002000  00000000  00002000  RWIX
  FLASHC                00084000   00002000  00000000  00002000  RWIX
  FLASHD                00086000   00002000  00000000  00002000  RWIX
  FLASHE                00088000   00008000  00000000  00008000  RWIX
  FLASHF                00090000   00008000  00000000  00008000  RWIX
  FLASHG                00098000   00008000  00000000  00008000  RWIX
  FLASHH                000a0000   00008000  00000000  00008000  RWIX
  FLASHI                000a8000   00008000  00000000  00008000  RWIX
  FLASHJ                000b0000   00008000  00000000  00008000  RWIX
  FLASHK                000b8000   00002000  00000000  00002000  RWIX
  FLASHL                000ba000   00002000  00000000  00002000  RWIX
  FLASHM                000bc000   00002000  00000000  00002000  RWIX
  FLASHN                000be000   00001ff0  00000000  00001ff0  RWIX
  RESET                 003fffc0   00000002  00000000  00000002  RWIX

PAGE 1:
  BOOT_RSVD             00000002   00000121  00000088  00000099  RWIX
  RAMM1                 00000400   000003f8  00000288  00000170  RWIX
  ADCARESULT            00000b00   00000018  00000000  00000018  RWIX
  ADCBRESULT            00000b20   00000018  00000000  00000018  RWIX
  ADCCRESULT            00000b40   00000018  00000000  00000018  RWIX
  ADCDRESULT            00000b60   00000018  00000000  00000018  RWIX
  CPUTIMER0             00000c00   00000008  00000000  00000008  RWIX
  CPUTIMER1             00000c08   00000008  00000000  00000008  RWIX
  CPUTIMER2             00000c10   00000008  00000000  00000008  RWIX
  PIECTRL               00000ce0   0000001a  00000000  0000001a  RWIX
  PIEVECTTABLE          00000d00   00000200  00000000  00000200  RWIX
  DMA                   00001000   00000200  00000000  00000200  RWIX
  CLA1                  00001400   00000080  00000000  00000080  RWIX
  CLB1LOGICCFG          00003000   00000052  00000000  00000052  RWIX
  CLB1LOGICCTRL         00003100   00000040  00000000  00000040  RWIX
  CLB1DATAEXCH          00003200   00000200  00000000  00000200  RWIX
  CLB2LOGICCFG          00003400   00000052  00000000  00000052  RWIX
  CLB2LOGICCTRL         00003500   00000040  00000000  00000040  RWIX
  CLB2DATAEXCH          00003600   00000200  00000000  00000200  RWIX
  CLB3LOGICCFG          00003800   00000052  00000000  00000052  RWIX
  CLB3LOGICCTRL         00003900   00000040  00000000  00000040  RWIX
  CLB3DATAEXCH          00003a00   00000200  00000000  00000200  RWIX
  CLB4LOGICCFG          00003c00   00000052  00000000  00000052  RWIX
  CLB4LOGICCTRL         00003d00   00000040  00000000  00000040  RWIX
  CLB4DATAEXCH          00003e00   00000200  00000000  00000200  RWIX
  EPWM1                 00004000   00000100  00000000  00000100  RWIX
  EPWM2                 00004100   00000100  00000000  00000100  RWIX
  EPWM3                 00004200   00000100  00000000  00000100  RWIX
  EPWM4                 00004300   00000100  00000000  00000100  RWIX
  EPWM5                 00004400   00000100  00000000  00000100  RWIX
  EPWM6                 00004500   00000100  00000000  00000100  RWIX
  EPWM7                 00004600   00000100  00000000  00000100  RWIX
  EPWM8                 00004700   00000100  00000000  00000100  RWIX
  EPWM9                 00004800   00000100  00000000  00000100  RWIX
  EPWM10                00004900   00000100  00000000  00000100  RWIX
  EPWM11                00004a00   00000100  00000000  00000100  RWIX
  EPWM12                00004b00   00000100  00000000  00000100  RWIX
  ECAP1                 00005000   00000020  00000000  00000020  RWIX
  ECAP2                 00005020   00000020  00000000  00000020  RWIX
  ECAP3                 00005040   00000020  00000000  00000020  RWIX
  ECAP4                 00005060   00000020  00000000  00000020  RWIX
  ECAP5                 00005080   00000020  00000000  00000020  RWIX
  ECAP6                 000050a0   00000020  00000000  00000020  RWIX
  EQEP1                 00005100   00000022  00000000  00000022  RWIX
  EQEP2                 00005140   00000022  00000000  00000022  RWIX
  EQEP3                 00005180   00000022  00000000  00000022  RWIX
  DACA                  00005c00   00000008  00000000  00000008  RWIX
  DACB                  00005c10   00000008  00000000  00000008  RWIX
  DACC                  00005c20   00000008  00000000  00000008  RWIX
  CMPSS1                00005c80   00000020  00000000  00000020  RWIX
  CMPSS2                00005ca0   00000020  00000000  00000020  RWIX
  CMPSS3                00005cc0   00000020  00000000  00000020  RWIX
  CMPSS4                00005ce0   00000020  00000000  00000020  RWIX
  CMPSS5                00005d00   00000020  00000000  00000020  RWIX
  CMPSS6                00005d20   00000020  00000000  00000020  RWIX
  CMPSS7                00005d40   00000020  00000000  00000020  RWIX
  CMPSS8                00005d60   00000020  00000000  00000020  RWIX
  SDFM1                 00005e00   00000080  00000000  00000080  RWIX
  SDFM2                 00005e80   00000080  00000000  00000080  RWIX
  MCBSPA                00006000   00000024  00000000  00000024  RWIX
  MCBSPB                00006040   00000024  00000000  00000024  RWIX
  SPIA                  00006100   00000010  00000000  00000010  RWIX
  SPIB                  00006110   00000010  00000000  00000010  RWIX
  SPIC                  00006120   00000010  00000000  00000010  RWIX
  UPP                   00006200   00000048  00000000  00000048  RWIX
  WD                    00007000   0000002b  00000000  0000002b  RWIX
  NMIINTRUPT            00007060   00000007  00000000  00000007  RWIX
  XINT                  00007070   0000000b  00000000  0000000b  RWIX
  SCIA                  00007200   00000010  00000000  00000010  RWIX
  SCIB                  00007210   00000010  00000000  00000010  RWIX
  SCIC                  00007220   00000010  00000000  00000010  RWIX
  SCID                  00007230   00000010  00000000  00000010  RWIX
  I2CA                  00007300   00000022  00000000  00000022  RWIX
  I2CB                  00007340   00000022  00000000  00000022  RWIX
  ADCA                  00007400   00000080  00000000  00000080  RWIX
  ADCB                  00007480   00000080  00000000  00000080  RWIX
  ADCC                  00007500   00000080  00000000  00000080  RWIX
  ADCD                  00007580   00000080  00000000  00000080  RWIX
  INPUTXBAR             00007900   00000020  00000000  00000020  RWIX
  XBAR                  00007920   00000020  00000000  00000020  RWIX
  SYNCSOC               00007940   00000006  00000000  00000006  RWIX
  DMACLASRCSEL          00007980   0000001a  00000000  0000001a  RWIX
  EPWMXBAR              00007a00   00000040  00000000  00000040  RWIX
  CLBXBAR               00007a40   00000040  00000000  00000040  RWIX
  OUTPUTXBAR            00007a80   00000040  00000000  00000040  RWIX
  GPIOCTRL              00007c00   00000180  00000000  00000180  RWIX
  GPIODATA              00007f00   00000030  00000000  00000030  RWIX
  RAMLS5                0000a800   00000800  000002bf  00000541  RWIX
  RAMD1                 0000b800   00000800  00000000  00000800  RWIX
  RAMGS0                0000c000   00001000  00000000  00001000  RWIX
  RAMGS1                0000d000   00001000  00000000  00001000  RWIX
  RAMGS2                0000e000   00001000  00000000  00001000  RWIX
  RAMGS3                0000f000   00001000  00000000  00001000  RWIX
  RAMGS4                00010000   00001000  00000000  00001000  RWIX
  RAMGS5                00011000   00001000  00000000  00001000  RWIX
  RAMGS6                00012000   00001000  00000000  00001000  RWIX
  RAMGS7                00013000   00001000  00000000  00001000  RWIX
  RAMGS8                00014000   00001000  00000000  00001000  RWIX
  RAMGS9                00015000   00001000  00000000  00001000  RWIX
  RAMGS10               00016000   00001000  00000000  00001000  RWIX
  RAMGS11               00017000   00001000  00000000  00001000  RWIX
  RAMGS12               00018000   00001000  00000000  00001000  RWIX
  RAMGS13               00019000   00001000  00000000  00001000  RWIX
  RAMGS14               0001a000   00001000  00000000  00001000  RWIX
  RAMGS15               0001b000   00000ff8  00000000  00000ff8  RWIX
  CPU2TOCPU1RAM         0003f800   00000400  00000000  00000400  RWIX
  CPU1TOCPU2RAM         0003fc00   00000400  00000000  00000400  RWIX
  EMIF1                 00047000   00000070  00000000  00000070  RWIX
  EMIF2                 00047800   00000070  00000000  00000070  RWIX
  CANA                  00048000   00000200  00000000  00000200  RWIX
  CANA_MSG_RAM          00049000   00000800  00000000  00000800  RWIX
  CANB                  0004a000   00000200  00000000  00000200  RWIX
  CANB_MSG_RAM          0004b000   00000800  00000000  00000800  RWIX
  IPC                   00050000   00000024  00000000  00000024  RWIX
  FLASHPUMPSEMAPHORE    00050024   00000002  00000000  00000002  RWIX
  DEVCFG                0005d000   0000012e  00000000  0000012e  RWIX
  ANALOGSUBSYS          0005d180   00000048  00000000  00000048  RWIX
  CLKCFG                0005d200   00000032  00000000  00000032  RWIX
  CPUSYS                0005d300   00000082  00000000  00000082  RWIX
  ROMPREFETCH           0005e608   00000002  00000000  00000002  RWIX
  DCSMZ1                0005f000   00000024  00000000  00000024  RWIX
  DCSMZ2                0005f040   00000024  00000000  00000024  RWIX
  DCSMCOMMON            0005f070   00000008  00000000  00000008  RWIX
  MEMCFG                0005f400   00000080  00000000  00000080  RWIX
  EMIF1CONFIG           0005f480   00000020  00000000  00000020  RWIX
  EMIF2CONFIG           0005f4a0   00000020  00000000  00000020  RWIX
  ACCESSPROTECTION      0005f4c0   00000040  00000000  00000040  RWIX
  MEMORYERROR           0005f500   00000040  00000000  00000040  RWIX
  ROMWAITSTATE          0005f540   00000002  00000000  00000002  RWIX
  FLASH0CTRL            0005f800   00000182  00000000  00000182  RWIX
  FLASH0ECC             0005fb00   00000028  00000000  00000028  RWIX
  UID                   000703c0   00000010  00000000  00000010  RWIX


SECTION ALLOCATION MAP

 output                                  attributes/
section   page    origin      length       input sections
--------  ----  ----------  ----------   ----------------
codestart 
*          0    00000000    00000002     
                  00000000    00000002     F2837xD_CodeStartBranch.obj (codestart)

.cinit     0    00000128    0000003c     
                  00000128    0000001a     (.cinit..data.load) [load image, compression = lzss]
                  00000142    00000006     (__TI_handler_table)
                  00000148    00000004     (.cinit..bss.load) [load image, compression = zero_init]
                  0000014c    00000004     (.cinit.MSGRAM_CPU1_TO_CPU2.load) [load image, compression = zero_init]
                  00000150    00000004     (.cinit.MSGRAM_CPU2_TO_CPU1.load) [load image, compression = zero_init]
                  00000154    00000010     (__TI_cinit_table)

.reset     0    003fffc0    00000000     DSECT

.stack     1    00000400    00000200     UNINITIALIZED
                  00000400    00000200     --HOLE--

.bss       1    0000aab8    00000008     UNINITIALIZED
                  0000aab8    00000006     ecap.obj (.bss)
                  0000aabe    00000002     main.obj (.bss)

.init_array 
*          0    00000123    00000000     UNINITIALIZED

.const     1    0000a800    00000274     
                  0000a800    000001c0     F2837xD_SWPrioritizedPieVect.obj (.const)
                  0000a9c0    00000044     ipc.obj (.const:IPC_Instance)
                  0000aa04    00000040     bldc.obj (.const:Hall_Dir_Table)
                  0000aa44    00000018     bldc.obj (.const:commutationTable_FWD)
                  0000aa5c    00000018     bldc.obj (.const:commutationTable_REV)

.data      1    0000aa74    00000043     UNINITIALIZED
                  0000aa74    00000008     ecap.obj (.data)
                  0000aa7c    00000002     rts2800_fpu32_eabi.lib : _lock.c.obj (.data:_lock)
                  0000aa7e    00000002                            : _lock.c.obj (.data:_unlock)
                  0000aa80    0000001c     main.obj (.data)
                  0000aa9c    0000000e     bldc.obj (.data)
                  0000aaaa    00000006     device.obj (.data)
                  0000aab0    00000006     rts2800_fpu32_eabi.lib : exit.c.obj (.data)
                  0000aab6    00000001     epwm.obj (.data)

.TI.ramfunc 
*          0    00000123    00000004     
                  00000123    00000004     sysctl.obj (.TI.ramfunc)

GETBUFFER 
*          0    0003f800    00000000     DSECT

GETWRITEIDX 
*          0    0003f800    00000000     DSECT

PUTREADIDX 
*          0    0003f800    00000000     DSECT

.text.1    0    00008000    00000800     
                  00008000    00000585     F2837xD_DefaultISR.obj (.text:retain)
                  00008585    000001eb     gpio.obj (.text)
                  00008770    00000088     rts2800_fpu32_eabi.lib : fs_div28.asm.obj (.text)
                  000087f8    00000008     F2837xD_CodeStartBranch.obj (.text)

.text.2    0    00008800    00000800     
                  00008800    000003db     device.obj (.text)
                  00008bdb    000002e1     bldc.obj (.text)
                  00008ebc    00000120     main.obj (.text:retain)
                  00008fdc    00000017     rts2800_fpu32_eabi.lib : boot28.asm.obj (.text)
                  00008ff3    0000000d                            : copy_zero_init.c.obj (.text:decompress:ZI:__TI_zero_init_nomemset)

.text.3    0    00009000    000007fe     
                  00009000    000002b7     epwm.obj (.text)
                  000092b7    00000173     interrupt.obj (.text)
                  0000942a    0000015a     ecap.obj (.text)
                  00009584    000000c0     gpio.obj (.text)
                  00009644    0000009a     bldc.obj (.text:retain)
                  000096de    0000007b     ecap.obj (.text:retain)
                  00009759    0000007a     main.obj (.text)
                  000097d3    0000002b     rts2800_fpu32_eabi.lib : autoinit.c.obj (.text:__TI_auto_init_nobinit_nopinit)

.text.4    0    00009800    00000070     
                  00009800    0000002a     interrupt.obj (.text:retain)
                  0000982a    00000029     rts2800_fpu32_eabi.lib : exit.c.obj (.text)
                  00009853    0000000c                            : args_main.c.obj (.text)
                  0000985f    00000009                            : _lock.c.obj (.text)
                  00009868    00000008                            : copy_decompress_none.c.obj (.text:decompress:none)

.text.5    0    0000b000    000007fc     
                  0000b000    000005c0     sysctl.obj (.text)
                  0000b5c0    000001ec     ipc.obj (.text)
                  0000b7ac    00000030     rts2800_fpu32_eabi.lib : copy_decompress_lzss.c.obj (.text:decompress:lzss)
                  0000b7dc    0000001d                            : memcpy.c.obj (.text)
                  0000b7f9    00000002                            : pre_init.c.obj (.text)
                  0000b7fb    00000001                            : startup.c.obj (.text)

MSGRAM_CPU1_TO_CPU2 
*          1    00000040    00000088     UNINITIALIZED
                  00000040    00000088     ipc.obj (MSGRAM_CPU1_TO_CPU2)

MSGRAM_CPU2_TO_CPU1 
*          1    00000600    00000088     UNINITIALIZED
                  00000600    00000088     ipc.obj (MSGRAM_CPU2_TO_CPU1)

MODULE SUMMARY

       Module                             code   ro data   rw data
       ------                             ----   -------   -------
    .\3.device\source\
       sysctl.obj                         1476   0         0      
       ipc.obj                            492    68        272    
       gpio.obj                           491    0         0      
       interrupt.obj                      413    0         0      
    +--+----------------------------------+------+---------+---------+
       Total:                             2872   68        272    
                                                                  
    .\4.common\source\
       F2837xD_DefaultISR.obj             1413   0         0      
       device.obj                         987    0         6      
       F2837xD_SWPrioritizedPieVect.obj   0      448       0      
       F2837xD_CodeStartBranch.obj        10     0         0      
    +--+----------------------------------+------+---------+---------+
       Total:                             2410   448       6      
                                                                  
    .\6.user\
       bldc.obj                           891    112       14     
       epwm.obj                           695    0         1      
       ecap.obj                           469    0         14     
       main.obj                           410    0         30     
       gpio.obj                           192    0         0      
    +--+----------------------------------+------+---------+---------+
       Total:                             2657   112       59     
                                                                  
    ../2.math_lib/rts2800_fpu32_eabi.lib
       copy_decompress_lzss.c.obj         48     0         0      
       exit.c.obj                         41     0         6      
       autoinit.c.obj                     43     0         0      
       memcpy.c.obj                       29     0         0      
       boot28.asm.obj                     23     0         0      
       _lock.c.obj                        9      0         4      
       copy_zero_init.c.obj               13     0         0      
       args_main.c.obj                    12     0         0      
       copy_decompress_none.c.obj         8      0         0      
       pre_init.c.obj                     2      0         0      
       startup.c.obj                      1      0         0      
    +--+----------------------------------+------+---------+---------+
       Total:                             229    0         10     
                                                                  
    D:\1-ti\ccs\tools\compiler\ti-cgt-c2000_22.6.1.LTS\lib\rts2800_fpu32_eabi.lib
       fs_div28.asm.obj                   136    0         0      
    +--+----------------------------------+------+---------+---------+
       Total:                             136    0         0      
                                                                  
       Stack:                             0      0         512    
       Linker Generated:                  0      60        0      
    +--+----------------------------------+------+---------+---------+
       Grand Total:                       8304   688       859    


LINKER GENERATED COPY TABLES

__TI_cinit_table @ 00000154 records: 4, size/record: 4, table size: 16
	.data: load addr=00000128, load size=0000001a bytes, run addr=0000aa74, run size=00000043 bytes, compression=lzss
	.bss: load addr=00000148, load size=00000004 bytes, run addr=0000aab8, run size=00000008 bytes, compression=zero_init
	MSGRAM_CPU1_TO_CPU2: load addr=0000014c, load size=00000004 bytes, run addr=00000040, run size=00000088 bytes, compression=zero_init
	MSGRAM_CPU2_TO_CPU1: load addr=00000150, load size=00000004 bytes, run addr=00000600, run size=00000088 bytes, compression=zero_init


LINKER GENERATED HANDLER TABLE

__TI_handler_table @ 00000142 records: 3, size/record: 2, table size: 6
	index: 0, handler: __TI_zero_init
	index: 1, handler: __TI_decompress_lzss
	index: 2, handler: __TI_decompress_none


GLOBAL DATA SYMBOLS: SORTED BY DATA PAGE

address     data page           name
--------    ----------------    ----
00000040       1 (00000040)     IPC_CPU1_To_CPU2_PutBuffer

00000400      10 (00000400)     __stack

00000600      18 (00000600)     IPC_CPU1_To_CPU2_GetBuffer

0000a800     2a0 (0000a800)     PieVectTableInit

0000a9c0     2a7 (0000a9c0)     IPC_Instance

0000aa04     2a8 (0000aa00)     Hall_Dir_Table

0000aa44     2a9 (0000aa40)     commutationTable_FWD
0000aa5c     2a9 (0000aa40)     commutationTable_REV
0000aa74     2a9 (0000aa40)     cap1Count1
0000aa76     2a9 (0000aa40)     cap1Count2
0000aa78     2a9 (0000aa40)     cap1Count3
0000aa7a     2a9 (0000aa40)     cap1Count4
0000aa7c     2a9 (0000aa40)     _lock
0000aa7e     2a9 (0000aa40)     _unlock

0000aa80     2aa (0000aa80)     rampingUp
0000aa81     2aa (0000aa80)     epwm1ISRcount
0000aa84     2aa (0000aa80)     mainLoopCount
0000aa86     2aa (0000aa80)     targetDuty
0000aa88     2aa (0000aa80)     step
0000aa8a     2aa (0000aa80)     Target_Pos
0000aa8c     2aa (0000aa80)     kp_pos
0000aa8e     2aa (0000aa80)     kp_v
0000aa90     2aa (0000aa80)     ki_v
0000aa92     2aa (0000aa80)     Speed_ref
0000aa94     2aa (0000aa80)     err_Speed
0000aa96     2aa (0000aa80)     int_err_Speed
0000aa98     2aa (0000aa80)     Ts
0000aa9a     2aa (0000aa80)     Speed_Filtered
0000aa9c     2aa (0000aa80)     currentDirection
0000aa9d     2aa (0000aa80)     hallState
0000aa9e     2aa (0000aa80)     motorEnabled
0000aa9f     2aa (0000aa80)     BLDC_startMotor1
0000aaa0     2aa (0000aa80)     BLDC_stopMotor1
0000aaa1     2aa (0000aa80)     BLDC_hallChangeHandler1_commutation
0000aaa2     2aa (0000aa80)     BLDC_hallIsr1a
0000aaa3     2aa (0000aa80)     BLDC_hallIsr2a
0000aaa4     2aa (0000aa80)     BLDC_hallIsr3a
0000aaa5     2aa (0000aa80)     preHallState
0000aaa6     2aa (0000aa80)     dutyCycle
0000aaa8     2aa (0000aa80)     g_HallPositionCnt
0000aaaa     2aa (0000aa80)     Example_Result
0000aaac     2aa (0000aa80)     Example_PassCount
0000aaae     2aa (0000aa80)     Example_Fail
0000aab0     2aa (0000aa80)     __TI_enable_exit_profile_output
0000aab2     2aa (0000aa80)     __TI_cleanup_ptr
0000aab4     2aa (0000aa80)     __TI_dtors_ptr
0000aab6     2aa (0000aa80)     i
0000aab8     2aa (0000aa80)     ecap1_dutyCycle
0000aaba     2aa (0000aa80)     ecap1_Fre_value
0000aabc     2aa (0000aa80)     Speed
0000aabe     2aa (0000aa80)     pid_duty


GLOBAL SYMBOLS: SORTED ALPHABETICALLY BY Name 

page  address   name                                     
----  -------   ----                                     
0     000080be  ADCA1_ISR                                
0     0000833e  ADCA2_ISR                                
0     00008348  ADCA3_ISR                                
0     00008352  ADCA4_ISR                                
0     00008334  ADCA_EVT_ISR                             
0     000080c8  ADCB1_ISR                                
0     00008366  ADCB2_ISR                                
0     00008370  ADCB3_ISR                                
0     0000837a  ADCB4_ISR                                
0     0000835c  ADCB_EVT_ISR                             
0     000080d2  ADCC1_ISR                                
0     000084ce  ADCC2_ISR                                
0     000084d8  ADCC3_ISR                                
0     000084e2  ADCC4_ISR                                
0     000084c4  ADCC_EVT_ISR                             
0     000080f0  ADCD1_ISR                                
0     000084f6  ADCD2_ISR                                
0     00008500  ADCD3_ISR                                
0     0000850a  ADCD4_ISR                                
0     000084ec  ADCD_EVT_ISR                             
0     00008546  AUX_PLL_SLIP_ISR                         
0     00008cda  BLDC_commutation                         
0     00008e89  BLDC_hallChangeHandler                   
1     0000aaa1  BLDC_hallChangeHandler1_commutation      
0     00009644  BLDC_hallIsr1                            
1     0000aaa2  BLDC_hallIsr1a                           
0     00009677  BLDC_hallIsr2                            
1     0000aaa3  BLDC_hallIsr2a                           
0     000096aa  BLDC_hallIsr3                            
1     0000aaa4  BLDC_hallIsr3a                           
0     00009268  BLDC_initEPWM                            
0     00009204  BLDC_initEPWM_Single                     
0     000095a0  BLDC_initGPIO                            
0     00008d28  BLDC_initHallInterrupts                  
0     00008dea  BLDC_setDuty                             
0     00008d6e  BLDC_setDutySigned                       
0     00008c99  BLDC_setPhaseAction                      
0     00008e44  BLDC_startMotor                          
1     0000aa9f  BLDC_startMotor1                         
0     00008e29  BLDC_stopMotor                           
1     0000aaa0  BLDC_stopMotor1                          
0     0000982a  C$$EXIT                                  
0     0000830c  CANA0_ISR                                
0     00008316  CANA1_ISR                                
0     00008320  CANB0_ISR                                
0     0000832a  CANB1_ISR                                
0     00008384  CLA1_1_ISR                               
0     0000838e  CLA1_2_ISR                               
0     00008398  CLA1_3_ISR                               
0     000083a2  CLA1_4_ISR                               
0     000083ac  CLA1_5_ISR                               
0     000083b6  CLA1_6_ISR                               
0     000083c0  CLA1_7_ISR                               
0     000083ca  CLA1_8_ISR                               
0     00008550  CLA_OVERFLOW_ISR                         
0     0000855a  CLA_UNDERFLOW_ISR                        
0     00008014  DATALOG_ISR                              
0     00008258  DMA_CH1_ISR                              
0     00008262  DMA_CH2_ISR                              
0     0000826c  DMA_CH3_ISR                              
0     00008276  DMA_CH4_ISR                              
0     00008280  DMA_CH5_ISR                              
0     0000828a  DMA_CH6_ISR                              
0     00008a4f  Device_bootCPU2                          
0     00008a1e  Device_configureTMXAnalogTrim            
0     000088cc  Device_enableAllPeripherals              
0     00008a08  Device_enableUnbondedGPIOPullups         
0     000089eb  Device_enableUnbondedGPIOPullupsFor100Pin
0     000089d8  Device_enableUnbondedGPIOPullupsFor176Pin
0     000088ae  Device_init                              
0     000089b7  Device_initGPIO                          
0     000081ae  ECAP1_ISR                                
0     000081b8  ECAP2_ISR                                
0     000081c2  ECAP3_ISR                                
0     000081cc  ECAP4_ISR                                
0     000081d6  ECAP5_ISR                                
0     000081e0  ECAP6_ISR                                
0     00008514  EMIF_ERROR_ISR                           
0     0000856e  EMPTY_ISR                                
0     00008028  EMU_ISR                                  
0     0000846a  EPWM10_ISR                               
0     00008442  EPWM10_TZ_ISR                            
0     00008474  EPWM11_ISR                               
0     0000844c  EPWM11_TZ_ISR                            
0     0000847e  EPWM12_ISR                               
0     00008456  EPWM12_TZ_ISR                            
0     0000815e  EPWM1_ISR                                
0     0000810e  EPWM1_TZ_ISR                             
0     00008168  EPWM2_ISR                                
0     00008118  EPWM2_TZ_ISR                             
0     00008172  EPWM3_ISR                                
0     00008122  EPWM3_TZ_ISR                             
0     0000817c  EPWM4_ISR                                
0     0000812c  EPWM4_TZ_ISR                             
0     00008186  EPWM5_ISR                                
0     00008136  EPWM5_TZ_ISR                             
0     00008190  EPWM6_ISR                                
0     00008140  EPWM6_TZ_ISR                             
0     0000819a  EPWM7_ISR                                
0     0000814a  EPWM7_TZ_ISR                             
0     000081a4  EPWM8_ISR                                
0     00008154  EPWM8_TZ_ISR                             
0     00008460  EPWM9_ISR                                
0     00008438  EPWM9_TZ_ISR                             
0     000081ea  EQEP1_ISR                                
0     000081f4  EQEP2_ISR                                
0     000081fe  EQEP3_ISR                                
1     0000aaae  Example_Fail                             
1     0000aaac  Example_PassCount                        
1     0000aaaa  Example_Result                           
0     00008bda  Example_done                             
0     00008bd5  Example_setResultFail                    
0     00008bd0  Example_setResultPass                    
0     00008528  FLASH_CORRECTABLE_ERROR_ISR              
0     000083fc  FPU_OVERFLOW_ISR                         
0     00008406  FPU_UNDERFLOW_ISR                        
0     000085b9  GPIO_getDirectionMode                    
0     00008642  GPIO_getPadConfig                        
0     000086a2  GPIO_getQualificationMode                
0     00008711  GPIO_setAnalogMode                       
0     000086e5  GPIO_setControllerCore                   
0     00008592  GPIO_setDirectionMode                    
0     000085cf  GPIO_setInterruptPin                     
0     000085fa  GPIO_setPadConfig                        
0     00008739  GPIO_setPinConfig                        
0     00008676  GPIO_setQualificationMode                
0     000086c3  GPIO_setQualificationPeriod              
1     0000aa04  Hall_Dir_Table                           
0     0000829e  I2CA_FIFO_ISR                            
0     00008294  I2CA_ISR                                 
0     000082b2  I2CB_FIFO_ISR                            
0     000082a8  I2CB_ISR                                 
0     0000803c  ILLEGAL_ISR                              
0     00008410  IPC0_ISR                                 
0     0000841a  IPC1_ISR                                 
0     00008424  IPC2_ISR                                 
0     0000842e  IPC3_ISR                                 
1     00000600  IPC_CPU1_To_CPU2_GetBuffer               
1     00000040  IPC_CPU1_To_CPU2_PutBuffer               
1     0000a9c0  IPC_Instance                             
0     0000b6c4  IPC_initMessageQueue                     
0     0000b64a  IPC_readCommand                          
0     0000b757  IPC_readMessageFromQueue                 
0     0000b694  IPC_registerInterrupt                    
0     0000b5ed  IPC_sendCommand                          
0     0000b70e  IPC_sendMessageToQueue                   
0     0000b6ad  IPC_unregisterInterrupt                  
0     00009800  Interrupt_defaultHandler                 
0     000093dc  Interrupt_disable                        
0     000093a5  Interrupt_enable                         
0     00009816  Interrupt_illegalOperationHandler        
0     0000934a  Interrupt_initModule                     
0     00009387  Interrupt_initVectorTable                
0     00009820  Interrupt_nmiHandler                     
0     00008230  MCBSPA_RX_ISR                            
0     0000823a  MCBSPA_TX_ISR                            
0     00008244  MCBSPB_RX_ISR                            
0     0000824e  MCBSPB_TX_ISR                            
0     00008032  NMI_ISR                                  
0     0000857b  NOTUSED_ISR                              
0     00008564  PIE_RESERVED_ISR                         
1     0000a800  PieVectTableInit                         
0     00008532  RAM_ACCESS_VIOLATION_ISR                 
0     0000851e  RAM_CORRECTABLE_ERROR_ISR                
0     0000801e  RTOS_ISR                                 
0     000082e4  SCIA_RX_ISR                              
0     000082ee  SCIA_TX_ISR                              
0     000082f8  SCIB_RX_ISR                              
0     00008302  SCIB_TX_ISR                              
0     000082bc  SCIC_RX_ISR                              
0     000082c6  SCIC_TX_ISR                              
0     000082d0  SCID_RX_ISR                              
0     000082da  SCID_TX_ISR                              
0     00008488  SD1_ISR                                  
0     00008492  SD2_ISR                                  
0     00008208  SPIA_RX_ISR                              
0     00008212  SPIA_TX_ISR                              
0     0000821c  SPIB_RX_ISR                              
0     00008226  SPIB_TX_ISR                              
0     0000849c  SPIC_RX_ISR                              
0     000084a6  SPIC_TX_ISR                              
0     0000853c  SYS_PLL_SLIP_ISR                         
1     0000aabc  Speed                                    
1     0000aa9a  Speed_Filtered                           
1     0000aa92  Speed_ref                                
0     00000123  SysCtl_delay                             
0     0000b0e2  SysCtl_getAuxClock                       
0     0000b091  SysCtl_getClock                          
0     0000b558  SysCtl_getDeviceParametric               
0     0000b53e  SysCtl_getLowSpeedClock                  
0     0000b4cb  SysCtl_selectOscSource                   
0     0000b501  SysCtl_selectOscSourceAuxPLL             
0     0000b43b  SysCtl_selectXTAL                        
0     0000b320  SysCtl_setAuxClock                       
0     0000b123  SysCtl_setClock                          
0     000080fa  TIMER0_ISR                               
0     00008000  TIMER1_ISR                               
0     0000800a  TIMER2_ISR                               
1     0000aa8a  Target_Pos                               
1     0000aa98  Ts                                       
0     000084b0  UPPA_ISR                                 
0     000084ba  USBA_ISR                                 
0     000080a0  USER10_ISR                               
0     000080aa  USER11_ISR                               
0     000080b4  USER12_ISR                               
0     00008046  USER1_ISR                                
0     00008050  USER2_ISR                                
0     0000805a  USER3_ISR                                
0     00008064  USER4_ISR                                
0     0000806e  USER5_ISR                                
0     00008078  USER6_ISR                                
0     00008082  USER7_ISR                                
0     0000808c  USER8_ISR                                
0     00008096  USER9_ISR                                
0     000083f2  VCU_ISR                                  
0     00008104  WAKE_ISR                                 
0     000080dc  XINT1_ISR                                
0     000080e6  XINT2_ISR                                
0     000083d4  XINT3_ISR                                
0     000083de  XINT4_ISR                                
0     000083e8  XINT5_ISR                                
0     00000154  __TI_CINIT_Base                          
0     00000164  __TI_CINIT_Limit                         
0     00000164  __TI_CINIT_Warm                          
0     00000142  __TI_Handler_Table_Base                  
0     00000148  __TI_Handler_Table_Limit                 
1     00000600  __TI_STACK_END                           
abs   00000200  __TI_STACK_SIZE                          
0     000097d3  __TI_auto_init_nobinit_nopinit           
1     0000aab2  __TI_cleanup_ptr                         
0     0000b7ac  __TI_decompress_lzss                     
0     00009868  __TI_decompress_none                     
1     0000aab4  __TI_dtors_ptr                           
1     0000aab0  __TI_enable_exit_profile_output          
abs   ffffffff  __TI_pprof_out_hndl                      
abs   ffffffff  __TI_prof_data_size                      
abs   ffffffff  __TI_prof_data_start                     
0     00008ff3  __TI_zero_init_nomemset                  
0     00008770  __c28xabi_divf                           
n/a   UNDEFED   __c_args__                               
0     00008bc9  __error__                                
1     00000400  __stack                                  
0     00009853  _args_main                               
0     00008fdc  _c_int00                                 
1     0000aa7c  _lock                                    
0     00009867  _nop                                     
0     00009863  _register_lock                           
0     0000985f  _register_unlock                         
0     0000b7fb  _system_post_cinit                       
0     0000b7f9  _system_pre_init                         
1     0000aa7e  _unlock                                  
0     0000982a  abort                                    
1     0000aa74  cap1Count1                               
1     0000aa76  cap1Count2                               
1     0000aa78  cap1Count3                               
1     0000aa7a  cap1Count4                               
0     00000000  code_start                               
1     0000aa44  commutationTable_FWD                     
1     0000aa5c  commutationTable_REV                     
1     0000aa9c  currentDirection                         
1     0000aaa6  dutyCycle                                
0     000096de  ecap1ISR                                 
1     0000aaba  ecap1_Fre_value                          
1     0000aab8  ecap1_dutyCycle                          
0     00008ebc  epwm1ISR                                 
1     0000aa81  epwm1ISRcount                            
1     0000aa94  err_Speed                                
0     0000982c  exit                                     
1     0000aaa8  g_HallPositionCnt                        
1     0000aa9d  hallState                                
1     0000aab6  i                                        
0     00009521  initECAP1                                
1     0000aa96  int_err_Speed                            
1     0000aa90  ki_v                                     
1     0000aa8c  kp_pos                                   
1     0000aa8e  kp_v                                     
0     0000978e  main                                     
1     0000aa84  mainLoopCount                            
0     0000b7dc  memcpy                                   
1     0000aa9e  motorEnabled                             
1     0000aabe  pid_duty                                 
1     0000aaa5  preHallState                             
1     0000aa80  rampingUp                                
1     0000aa88  step                                     
1     0000aa86  targetDuty                               


GLOBAL SYMBOLS: SORTED BY Symbol Address 

page  address   name                                     
----  -------   ----                                     
0     00000000  code_start                               
0     00000123  SysCtl_delay                             
0     00000142  __TI_Handler_Table_Base                  
0     00000148  __TI_Handler_Table_Limit                 
0     00000154  __TI_CINIT_Base                          
0     00000164  __TI_CINIT_Limit                         
0     00000164  __TI_CINIT_Warm                          
0     00008000  TIMER1_ISR                               
0     0000800a  TIMER2_ISR                               
0     00008014  DATALOG_ISR                              
0     0000801e  RTOS_ISR                                 
0     00008028  EMU_ISR                                  
0     00008032  NMI_ISR                                  
0     0000803c  ILLEGAL_ISR                              
0     00008046  USER1_ISR                                
0     00008050  USER2_ISR                                
0     0000805a  USER3_ISR                                
0     00008064  USER4_ISR                                
0     0000806e  USER5_ISR                                
0     00008078  USER6_ISR                                
0     00008082  USER7_ISR                                
0     0000808c  USER8_ISR                                
0     00008096  USER9_ISR                                
0     000080a0  USER10_ISR                               
0     000080aa  USER11_ISR                               
0     000080b4  USER12_ISR                               
0     000080be  ADCA1_ISR                                
0     000080c8  ADCB1_ISR                                
0     000080d2  ADCC1_ISR                                
0     000080dc  XINT1_ISR                                
0     000080e6  XINT2_ISR                                
0     000080f0  ADCD1_ISR                                
0     000080fa  TIMER0_ISR                               
0     00008104  WAKE_ISR                                 
0     0000810e  EPWM1_TZ_ISR                             
0     00008118  EPWM2_TZ_ISR                             
0     00008122  EPWM3_TZ_ISR                             
0     0000812c  EPWM4_TZ_ISR                             
0     00008136  EPWM5_TZ_ISR                             
0     00008140  EPWM6_TZ_ISR                             
0     0000814a  EPWM7_TZ_ISR                             
0     00008154  EPWM8_TZ_ISR                             
0     0000815e  EPWM1_ISR                                
0     00008168  EPWM2_ISR                                
0     00008172  EPWM3_ISR                                
0     0000817c  EPWM4_ISR                                
0     00008186  EPWM5_ISR                                
0     00008190  EPWM6_ISR                                
0     0000819a  EPWM7_ISR                                
0     000081a4  EPWM8_ISR                                
0     000081ae  ECAP1_ISR                                
0     000081b8  ECAP2_ISR                                
0     000081c2  ECAP3_ISR                                
0     000081cc  ECAP4_ISR                                
0     000081d6  ECAP5_ISR                                
0     000081e0  ECAP6_ISR                                
0     000081ea  EQEP1_ISR                                
0     000081f4  EQEP2_ISR                                
0     000081fe  EQEP3_ISR                                
0     00008208  SPIA_RX_ISR                              
0     00008212  SPIA_TX_ISR                              
0     0000821c  SPIB_RX_ISR                              
0     00008226  SPIB_TX_ISR                              
0     00008230  MCBSPA_RX_ISR                            
0     0000823a  MCBSPA_TX_ISR                            
0     00008244  MCBSPB_RX_ISR                            
0     0000824e  MCBSPB_TX_ISR                            
0     00008258  DMA_CH1_ISR                              
0     00008262  DMA_CH2_ISR                              
0     0000826c  DMA_CH3_ISR                              
0     00008276  DMA_CH4_ISR                              
0     00008280  DMA_CH5_ISR                              
0     0000828a  DMA_CH6_ISR                              
0     00008294  I2CA_ISR                                 
0     0000829e  I2CA_FIFO_ISR                            
0     000082a8  I2CB_ISR                                 
0     000082b2  I2CB_FIFO_ISR                            
0     000082bc  SCIC_RX_ISR                              
0     000082c6  SCIC_TX_ISR                              
0     000082d0  SCID_RX_ISR                              
0     000082da  SCID_TX_ISR                              
0     000082e4  SCIA_RX_ISR                              
0     000082ee  SCIA_TX_ISR                              
0     000082f8  SCIB_RX_ISR                              
0     00008302  SCIB_TX_ISR                              
0     0000830c  CANA0_ISR                                
0     00008316  CANA1_ISR                                
0     00008320  CANB0_ISR                                
0     0000832a  CANB1_ISR                                
0     00008334  ADCA_EVT_ISR                             
0     0000833e  ADCA2_ISR                                
0     00008348  ADCA3_ISR                                
0     00008352  ADCA4_ISR                                
0     0000835c  ADCB_EVT_ISR                             
0     00008366  ADCB2_ISR                                
0     00008370  ADCB3_ISR                                
0     0000837a  ADCB4_ISR                                
0     00008384  CLA1_1_ISR                               
0     0000838e  CLA1_2_ISR                               
0     00008398  CLA1_3_ISR                               
0     000083a2  CLA1_4_ISR                               
0     000083ac  CLA1_5_ISR                               
0     000083b6  CLA1_6_ISR                               
0     000083c0  CLA1_7_ISR                               
0     000083ca  CLA1_8_ISR                               
0     000083d4  XINT3_ISR                                
0     000083de  XINT4_ISR                                
0     000083e8  XINT5_ISR                                
0     000083f2  VCU_ISR                                  
0     000083fc  FPU_OVERFLOW_ISR                         
0     00008406  FPU_UNDERFLOW_ISR                        
0     00008410  IPC0_ISR                                 
0     0000841a  IPC1_ISR                                 
0     00008424  IPC2_ISR                                 
0     0000842e  IPC3_ISR                                 
0     00008438  EPWM9_TZ_ISR                             
0     00008442  EPWM10_TZ_ISR                            
0     0000844c  EPWM11_TZ_ISR                            
0     00008456  EPWM12_TZ_ISR                            
0     00008460  EPWM9_ISR                                
0     0000846a  EPWM10_ISR                               
0     00008474  EPWM11_ISR                               
0     0000847e  EPWM12_ISR                               
0     00008488  SD1_ISR                                  
0     00008492  SD2_ISR                                  
0     0000849c  SPIC_RX_ISR                              
0     000084a6  SPIC_TX_ISR                              
0     000084b0  UPPA_ISR                                 
0     000084ba  USBA_ISR                                 
0     000084c4  ADCC_EVT_ISR                             
0     000084ce  ADCC2_ISR                                
0     000084d8  ADCC3_ISR                                
0     000084e2  ADCC4_ISR                                
0     000084ec  ADCD_EVT_ISR                             
0     000084f6  ADCD2_ISR                                
0     00008500  ADCD3_ISR                                
0     0000850a  ADCD4_ISR                                
0     00008514  EMIF_ERROR_ISR                           
0     0000851e  RAM_CORRECTABLE_ERROR_ISR                
0     00008528  FLASH_CORRECTABLE_ERROR_ISR              
0     00008532  RAM_ACCESS_VIOLATION_ISR                 
0     0000853c  SYS_PLL_SLIP_ISR                         
0     00008546  AUX_PLL_SLIP_ISR                         
0     00008550  CLA_OVERFLOW_ISR                         
0     0000855a  CLA_UNDERFLOW_ISR                        
0     00008564  PIE_RESERVED_ISR                         
0     0000856e  EMPTY_ISR                                
0     0000857b  NOTUSED_ISR                              
0     00008592  GPIO_setDirectionMode                    
0     000085b9  GPIO_getDirectionMode                    
0     000085cf  GPIO_setInterruptPin                     
0     000085fa  GPIO_setPadConfig                        
0     00008642  GPIO_getPadConfig                        
0     00008676  GPIO_setQualificationMode                
0     000086a2  GPIO_getQualificationMode                
0     000086c3  GPIO_setQualificationPeriod              
0     000086e5  GPIO_setControllerCore                   
0     00008711  GPIO_setAnalogMode                       
0     00008739  GPIO_setPinConfig                        
0     00008770  __c28xabi_divf                           
0     000088ae  Device_init                              
0     000088cc  Device_enableAllPeripherals              
0     000089b7  Device_initGPIO                          
0     000089d8  Device_enableUnbondedGPIOPullupsFor176Pin
0     000089eb  Device_enableUnbondedGPIOPullupsFor100Pin
0     00008a08  Device_enableUnbondedGPIOPullups         
0     00008a1e  Device_configureTMXAnalogTrim            
0     00008a4f  Device_bootCPU2                          
0     00008bc9  __error__                                
0     00008bd0  Example_setResultPass                    
0     00008bd5  Example_setResultFail                    
0     00008bda  Example_done                             
0     00008c99  BLDC_setPhaseAction                      
0     00008cda  BLDC_commutation                         
0     00008d28  BLDC_initHallInterrupts                  
0     00008d6e  BLDC_setDutySigned                       
0     00008dea  BLDC_setDuty                             
0     00008e29  BLDC_stopMotor                           
0     00008e44  BLDC_startMotor                          
0     00008e89  BLDC_hallChangeHandler                   
0     00008ebc  epwm1ISR                                 
0     00008fdc  _c_int00                                 
0     00008ff3  __TI_zero_init_nomemset                  
0     00009204  BLDC_initEPWM_Single                     
0     00009268  BLDC_initEPWM                            
0     0000934a  Interrupt_initModule                     
0     00009387  Interrupt_initVectorTable                
0     000093a5  Interrupt_enable                         
0     000093dc  Interrupt_disable                        
0     00009521  initECAP1                                
0     000095a0  BLDC_initGPIO                            
0     00009644  BLDC_hallIsr1                            
0     00009677  BLDC_hallIsr2                            
0     000096aa  BLDC_hallIsr3                            
0     000096de  ecap1ISR                                 
0     0000978e  main                                     
0     000097d3  __TI_auto_init_nobinit_nopinit           
0     00009800  Interrupt_defaultHandler                 
0     00009816  Interrupt_illegalOperationHandler        
0     00009820  Interrupt_nmiHandler                     
0     0000982a  C$$EXIT                                  
0     0000982a  abort                                    
0     0000982c  exit                                     
0     00009853  _args_main                               
0     0000985f  _register_unlock                         
0     00009863  _register_lock                           
0     00009867  _nop                                     
0     00009868  __TI_decompress_none                     
0     0000b091  SysCtl_getClock                          
0     0000b0e2  SysCtl_getAuxClock                       
0     0000b123  SysCtl_setClock                          
0     0000b320  SysCtl_setAuxClock                       
0     0000b43b  SysCtl_selectXTAL                        
0     0000b4cb  SysCtl_selectOscSource                   
0     0000b501  SysCtl_selectOscSourceAuxPLL             
0     0000b53e  SysCtl_getLowSpeedClock                  
0     0000b558  SysCtl_getDeviceParametric               
0     0000b5ed  IPC_sendCommand                          
0     0000b64a  IPC_readCommand                          
0     0000b694  IPC_registerInterrupt                    
0     0000b6ad  IPC_unregisterInterrupt                  
0     0000b6c4  IPC_initMessageQueue                     
0     0000b70e  IPC_sendMessageToQueue                   
0     0000b757  IPC_readMessageFromQueue                 
0     0000b7ac  __TI_decompress_lzss                     
0     0000b7dc  memcpy                                   
0     0000b7f9  _system_pre_init                         
0     0000b7fb  _system_post_cinit                       
1     00000040  IPC_CPU1_To_CPU2_PutBuffer               
1     00000400  __stack                                  
1     00000600  IPC_CPU1_To_CPU2_GetBuffer               
1     00000600  __TI_STACK_END                           
1     0000a800  PieVectTableInit                         
1     0000a9c0  IPC_Instance                             
1     0000aa04  Hall_Dir_Table                           
1     0000aa44  commutationTable_FWD                     
1     0000aa5c  commutationTable_REV                     
1     0000aa74  cap1Count1                               
1     0000aa76  cap1Count2                               
1     0000aa78  cap1Count3                               
1     0000aa7a  cap1Count4                               
1     0000aa7c  _lock                                    
1     0000aa7e  _unlock                                  
1     0000aa80  rampingUp                                
1     0000aa81  epwm1ISRcount                            
1     0000aa84  mainLoopCount                            
1     0000aa86  targetDuty                               
1     0000aa88  step                                     
1     0000aa8a  Target_Pos                               
1     0000aa8c  kp_pos                                   
1     0000aa8e  kp_v                                     
1     0000aa90  ki_v                                     
1     0000aa92  Speed_ref                                
1     0000aa94  err_Speed                                
1     0000aa96  int_err_Speed                            
1     0000aa98  Ts                                       
1     0000aa9a  Speed_Filtered                           
1     0000aa9c  currentDirection                         
1     0000aa9d  hallState                                
1     0000aa9e  motorEnabled                             
1     0000aa9f  BLDC_startMotor1                         
1     0000aaa0  BLDC_stopMotor1                          
1     0000aaa1  BLDC_hallChangeHandler1_commutation      
1     0000aaa2  BLDC_hallIsr1a                           
1     0000aaa3  BLDC_hallIsr2a                           
1     0000aaa4  BLDC_hallIsr3a                           
1     0000aaa5  preHallState                             
1     0000aaa6  dutyCycle                                
1     0000aaa8  g_HallPositionCnt                        
1     0000aaaa  Example_Result                           
1     0000aaac  Example_PassCount                        
1     0000aaae  Example_Fail                             
1     0000aab0  __TI_enable_exit_profile_output          
1     0000aab2  __TI_cleanup_ptr                         
1     0000aab4  __TI_dtors_ptr                           
1     0000aab6  i                                        
1     0000aab8  ecap1_dutyCycle                          
1     0000aaba  ecap1_Fre_value                          
1     0000aabc  Speed                                    
1     0000aabe  pid_duty                                 
abs   00000200  __TI_STACK_SIZE                          
abs   ffffffff  __TI_pprof_out_hndl                      
abs   ffffffff  __TI_prof_data_size                      
abs   ffffffff  __TI_prof_data_start                     
n/a   UNDEFED   __c_args__                               

[285 symbols]
